Archive member included to satisfy reference by file (symbol)

C:/Program Files/SEGGER/SEGGER Embedded Studio for ARM 4.12/lib/libc_v7em_fpv4_sp_d16_hard_t_le_eabi.a(libc_asm.o)
                              Output/ble_app_uart_c_pca10056_s140 Release/Obj/bsp.o (__aeabi_uldivmod)
C:/Program Files/SEGGER/SEGGER Embedded Studio for ARM 4.12/lib/libc_v7em_fpv4_sp_d16_hard_t_le_eabi.a(libc2.o)
                              Output/ble_app_uart_c_pca10056_s140 Release/Obj/nrf_log_str_formatter.o (isprint)
C:/Program Files/SEGGER/SEGGER Embedded Studio for ARM 4.12/lib/libc_v7em_fpv4_sp_d16_hard_t_le_eabi.a(libc2_asm.o)
                              Output/ble_app_uart_c_pca10056_s140 Release/Obj/nrf_log_frontend.o (memcpy)
C:/Program Files/SEGGER/SEGGER Embedded Studio for ARM 4.12/lib/libc_v7em_fpv4_sp_d16_hard_t_le_eabi.a(libc.o)
                              C:/Program Files/SEGGER/SEGGER Embedded Studio for ARM 4.12/lib/libc_v7em_fpv4_sp_d16_hard_t_le_eabi.a(libc2.o) (__heap_lock)
C:/Program Files/SEGGER/SEGGER Embedded Studio for ARM 4.12/lib/libdebugio_v7em_fpv4_sp_d16_hard_t_le_eabi.a(libdebugio.o)
                              Output/ble_app_uart_c_pca10056_s140 Release/Obj/thumb_crt0.o (debug_fopen)
C:/Program Files/SEGGER/SEGGER Embedded Studio for ARM 4.12/lib/libdebugio_mempoll_v7em_fpv4_sp_d16_hard_t_le_eabi.a(mempoll_debug_operations.o)
                              C:/Program Files/SEGGER/SEGGER Embedded Studio for ARM 4.12/lib/libdebugio_v7em_fpv4_sp_d16_hard_t_le_eabi.a(libdebugio.o) (__do_debug_operation)
C:/Program Files/SEGGER/SEGGER Embedded Studio for ARM 4.12/lib/libdebugio_mempoll_v7em_fpv4_sp_d16_hard_t_le_eabi.a(do_nv_debug_operation.o)
                              C:/Program Files/SEGGER/SEGGER Embedded Studio for ARM 4.12/lib/libdebugio_v7em_fpv4_sp_d16_hard_t_le_eabi.a(libdebugio.o) (__do_nvdebug_operation)
C:/Program Files/SEGGER/SEGGER Embedded Studio for ARM 4.12/lib/libm_v7em_fpv4_sp_d16_hard_t_le_eabi.a(libm_asm.o)
                              C:/Program Files/SEGGER/SEGGER Embedded Studio for ARM 4.12/lib/libc_v7em_fpv4_sp_d16_hard_t_le_eabi.a(libc2.o) (__aeabi_i2d)
C:/Program Files/SEGGER/SEGGER Embedded Studio for ARM 4.12/lib/libm_v7em_fpv4_sp_d16_hard_t_le_eabi.a(libm2.o)
                              C:/Program Files/SEGGER/SEGGER Embedded Studio for ARM 4.12/lib/libvfprintf_v7em_fpv4_sp_d16_hard_t_le_eabi.o (frexp)
C:/Program Files/SEGGER/SEGGER Embedded Studio for ARM 4.12/lib/libm_v7em_fpv4_sp_d16_hard_t_le_eabi.a(libm2_asm.o)
                              C:/Program Files/SEGGER/SEGGER Embedded Studio for ARM 4.12/lib/libm_v7em_fpv4_sp_d16_hard_t_le_eabi.a(libm2.o) (fabs)

Discarded input sections

 .text          0x0000000000000000        0x0 Output/ble_app_uart_c_pca10056_s140 Release/Obj/thumb_crt0.o
 .data          0x0000000000000000        0x0 Output/ble_app_uart_c_pca10056_s140 Release/Obj/thumb_crt0.o
 .bss           0x0000000000000000        0x0 Output/ble_app_uart_c_pca10056_s140 Release/Obj/thumb_crt0.o
 .text.__aeabi_read_tp
                0x0000000000000000        0x8 Output/ble_app_uart_c_pca10056_s140 Release/Obj/thumb_crt0.o
 .text.abort    0x0000000000000000        0x2 Output/ble_app_uart_c_pca10056_s140 Release/Obj/thumb_crt0.o
 .text.__assert
                0x0000000000000000        0x2 Output/ble_app_uart_c_pca10056_s140 Release/Obj/thumb_crt0.o
 .text.__aeabi_assert
                0x0000000000000000        0x2 Output/ble_app_uart_c_pca10056_s140 Release/Obj/thumb_crt0.o
 .text.__sync_synchronize
                0x0000000000000000        0x2 Output/ble_app_uart_c_pca10056_s140 Release/Obj/thumb_crt0.o
 .text.__getchar
                0x0000000000000000        0x4 Output/ble_app_uart_c_pca10056_s140 Release/Obj/thumb_crt0.o
 .text.__putchar
                0x0000000000000000        0x4 Output/ble_app_uart_c_pca10056_s140 Release/Obj/thumb_crt0.o
 .text.__open   0x0000000000000000        0x4 Output/ble_app_uart_c_pca10056_s140 Release/Obj/thumb_crt0.o
 .text.__close  0x0000000000000000        0x4 Output/ble_app_uart_c_pca10056_s140 Release/Obj/thumb_crt0.o
 .text.__write  0x0000000000000000        0xa Output/ble_app_uart_c_pca10056_s140 Release/Obj/thumb_crt0.o
 .text.__read   0x0000000000000000        0xa Output/ble_app_uart_c_pca10056_s140 Release/Obj/thumb_crt0.o
 .text.__seek   0x0000000000000000       0x1a Output/ble_app_uart_c_pca10056_s140 Release/Obj/thumb_crt0.o
 .bss.__user_locale_name_buffer
                0x0000000000000000        0x4 Output/ble_app_uart_c_pca10056_s140 Release/Obj/thumb_crt0.o
 .stack         0x0000000000000000        0x0 Output/ble_app_uart_c_pca10056_s140 Release/Obj/thumb_crt0.o
 .stack_process
                0x0000000000000000        0x0 Output/ble_app_uart_c_pca10056_s140 Release/Obj/thumb_crt0.o
 .heap          0x0000000000000000        0x0 Output/ble_app_uart_c_pca10056_s140 Release/Obj/thumb_crt0.o
[...]
Memory Configuration

Name             Origin             Length             Attributes
UNPLACED_SECTIONS 0x0000000100000000 0x0000000000000000 xw
RAM              0x0000000020000000 0x0000000000040000 xw
FLASH            0x0000000000000000 0x0000000000100000 xw
*default*        0x0000000000000000 0xffffffffffffffff

Linker script and memory map

                0x000000000002d9d4                __vfprintf = __vfprintf_long
                0x0000000000000000                __vfscanf = __vfscanf_long
                0x0000000020000000                __RAM_segment_start__ = 0x20000000
                0x0000000020040000                __RAM_segment_end__ = 0x20040000
                0x0000000000040000                __RAM_segment_size__ = 0x40000
                0x0000000000000000                __FLASH_segment_start__ = 0x0
                0x0000000000100000                __FLASH_segment_end__ = 0x100000
                0x0000000000100000                __FLASH_segment_size__ = 0x100000
                0x0000000000002000                __HEAPSIZE__ = 0x2000
                0x0000000000000000                __STACKSIZE_PROCESS__ = 0x0
                0x0000000000002000                __STACKSIZE__ = 0x2000
                0x0000000020000000                __reserved_ram_load_start__ = 0x20000000

.reserved_ram   0x0000000020000000     0x3730
                0x0000000020000000                __reserved_ram_start__ = .
 *(.reserved_ram .reserved_ram.*)
                0x0000000020003730                . = MAX (((__reserved_ram_start__ + 0x20003730) - 0x20000000), .)
 *fill*         0x0000000020000000     0x3730 
                0x0000000020003730                __reserved_ram_end__ = (__reserved_ram_start__ + SIZEOF (.reserved_ram))
                0x0000000000003730                __reserved_ram_size__ = SIZEOF (.reserved_ram)
                0x0000000020003730                __reserved_ram_load_end__ = __reserved_ram_end__
                0x0000000000000001                . = ASSERT (((__reserved_ram_start__ == __reserved_ram_end__) || ((__reserved_ram_end__ >= __RAM_segment_start__) && (__reserved_ram_end__ <= __RAM_segment_end__))), error: .reserved_ram is too large to fit in RAM memory segment)
                0x0000000020003730                __vectors_ram_load_start__ = 0x20003730

.vectors_ram    0x0000000020003730        0x0
                0x0000000020003730                __vectors_ram_start__ = .
                0x0000000020003730                __app_ram_start__ = __vectors_ram_start__
 *(.vectors_ram .vectors_ram.*)
                0x0000000020003730                __vectors_ram_end__ = (__vectors_ram_start__ + SIZEOF (.vectors_ram))
                0x0000000000000000                __vectors_ram_size__ = SIZEOF (.vectors_ram)
                0x0000000020003730                __vectors_ram_load_end__ = __vectors_ram_end__
                0x0000000000000001                . = ASSERT (((__vectors_ram_start__ == __vectors_ram_end__) || ((__vectors_ram_end__ >= __RAM_segment_start__) && (__vectors_ram_end__ <= __RAM_segment_end__))), error: .vectors_ram is too large to fit in RAM memory segment)
                0x0000000000000001                . = ASSERT ((__reserved_ram_end__ <= __vectors_ram_start__), error: section .reserved_ram overlaps absolute placed section .vectors_ram)
                0x0000000020003730                __nrf_sections_run_load_start__ = ALIGN (__vectors_ram_end__, 0x4)

.nrf_sections_run
                0x0000000020003730        0x0
                0x0000000020003730                __nrf_sections_run_start__ = .
                0x0000000020003730                __start_nrf_sections_run = __nrf_sections_run_start__
 *(.nrf_sections_run .nrf_sections_run.*)
                0x0000000020003730                __nrf_sections_run_end__ = (__nrf_sections_run_start__ + SIZEOF (.nrf_sections_run))
                0x0000000000000000                __nrf_sections_run_size__ = SIZEOF (.nrf_sections_run)
                0x0000000020003730                __nrf_sections_run_load_end__ = __nrf_sections_run_end__
                0x0000000000000001                . = ASSERT (((__nrf_sections_run_start__ == __nrf_sections_run_end__) || ((__nrf_sections_run_end__ >= __RAM_segment_start__) && (__nrf_sections_run_end__ <= __RAM_segment_end__))), error: .nrf_sections_run is too large to fit in RAM memory segment)
                0x0000000000000000                __reserved_flash_load_start__ = 0x0

.reserved_flash
                0x0000000000000000    0x26000
                0x0000000000000000                __reserved_flash_start__ = .
 *(.reserved_flash .reserved_flash.*)
                0x0000000000026000                . = MAX (((__reserved_flash_start__ + 0x26000) - 0x0), .)
 *fill*         0x0000000000000000    0x26000 
                0x0000000000026000                __reserved_flash_end__ = (__reserved_flash_start__ + SIZEOF (.reserved_flash))
                0x0000000000026000                __reserved_flash_size__ = SIZEOF (.reserved_flash)
                0x0000000000026000                __reserved_flash_load_end__ = __reserved_flash_end__
                0x0000000000000001                . = ASSERT (((__reserved_flash_start__ == __reserved_flash_end__) || ((__reserved_flash_end__ >= __FLASH_segment_start__) && (__reserved_flash_end__ <= __FLASH_segment_end__))), error: .reserved_flash is too large to fit in FLASH memory segment)
                0x0000000000026000                __vectors_load_start__ = 0x26000

.vectors        0x0000000000026000      0x200
                0x0000000000026000                __vectors_start__ = .
 *(.vectors .vectors.*)
 .vectors       0x0000000000026000      0x200 Output/ble_app_uart_c_pca10056_s140 Release/Obj/ses_startup_nrf52840.o
                0x0000000000026000                _vectors
                0x0000000000026200                __vectors_end__ = (__vectors_start__ + SIZEOF (.vectors))
                0x0000000000000200                __vectors_size__ = SIZEOF (.vectors)
                0x0000000000026200                __vectors_load_end__ = __vectors_end__
                0x0000000000000001                . = ASSERT (((__vectors_start__ == __vectors_end__) || ((__vectors_end__ >= __FLASH_segment_start__) && (__vectors_end__ <= __FLASH_segment_end__))), error: .vectors is too large to fit in FLASH memory segment)
                0x0000000000000001                . = ASSERT ((__reserved_flash_end__ <= __vectors_start__), error: section .reserved_flash overlaps absolute placed section .vectors)
                0x0000000000026200                __init_load_start__ = ALIGN (__vectors_end__, 0x4)

.init           0x0000000000026200      0x1d8
                0x0000000000026200                __init_start__ = .
 *(.init .init.*)
 .init          0x0000000000026200      0x160 Output/ble_app_uart_c_pca10056_s140 Release/Obj/thumb_crt0.o
                0x0000000000026200                _start
                0x00000000000262b6                exit
 .init          0x0000000000026360       0x18 Output/ble_app_uart_c_pca10056_s140 Release/Obj/ses_startup_nrf52840.o
                0x0000000000026360                NMI_Handler
                0x0000000000026362                HardFault_Handler
                0x0000000000026364                MemoryManagement_Handler
                0x0000000000026366                BusFault_Handler
                0x0000000000026368                UsageFault_Handler
                0x000000000002636a                SVC_Handler
                0x000000000002636c                DebugMon_Handler
                0x000000000002636e                PendSV_Handler
                0x0000000000026370                SysTick_Handler
                0x0000000000026372                RADIO_IRQHandler
                0x0000000000026372                PDM_IRQHandler
                0x0000000000026372                TEMP_IRQHandler
                0x0000000000026372                QDEC_IRQHandler
                0x0000000000026372                RTC0_IRQHandler
                0x0000000000026372                PWM3_IRQHandler
                0x0000000000026372                FPU_IRQHandler
                0x0000000000026372                USBD_IRQHandler
                0x0000000000026372                SPIM0_SPIS0_TWIM0_TWIS0_SPI0_TWI0_IRQHandler
                0x0000000000026372                PWM1_IRQHandler
                0x0000000000026372                TIMER4_IRQHandler
                0x0000000000026372                CRYPTOCELL_IRQHandler
                0x0000000000026372                I2S_IRQHandler
                0x0000000000026372                TIMER3_IRQHandler
                0x0000000000026372                TIMER0_IRQHandler
                0x0000000000026372                UARTE1_IRQHandler
                0x0000000000026372                Dummy_Handler
                0x0000000000026372                TIMER1_IRQHandler
                0x0000000000026372                SPIM3_IRQHandler
                0x0000000000026372                PWM2_IRQHandler
                0x0000000000026372                ECB_IRQHandler
                0x0000000000026372                SPIM1_SPIS1_TWIM1_TWIS1_SPI1_TWI1_IRQHandler
                0x0000000000026372                SAADC_IRQHandler
                0x0000000000026372                CCM_AAR_IRQHandler
                0x0000000000026372                WDT_IRQHandler
                0x0000000000026372                QSPI_IRQHandler
                0x0000000000026372                SWI5_EGU5_IRQHandler
                0x0000000000026372                RNG_IRQHandler
                0x0000000000026372                RTC2_IRQHandler
                0x0000000000026372                PWM0_IRQHandler
                0x0000000000026372                SWI3_EGU3_IRQHandler
                0x0000000000026372                SWI1_EGU1_IRQHandler
                0x0000000000026372                SPIM2_SPIS2_SPI2_IRQHandler
                0x0000000000026372                NFCT_IRQHandler
                0x0000000000026372                SWI4_EGU4_IRQHandler
                0x0000000000026372                MWU_IRQHandler
                0x0000000000026372                TIMER2_IRQHandler
                0x0000000000026372                COMP_LPCOMP_IRQHandler
                0x0000000000026374                nRFInitialize
 .init          0x0000000000026378       0x60 Output/ble_app_uart_c_pca10056_s140 Release/Obj/ses_startup_nrf_common.o
                0x0000000000026378                Reset_Handler
                0x00000000000263a0                InitializeUserMemorySections
                0x00000000000263d8                __init_end__ = (__init_start__ + SIZEOF (.init))
                0x00000000000001d8                __init_size__ = SIZEOF (.init)
                0x00000000000263d8                __init_load_end__ = __init_end__
                0x0000000000000001                . = ASSERT (((__init_start__ == __init_end__) || ((__init_end__ >= __FLASH_segment_start__) && (__init_end__ <= __FLASH_segment_end__))), error: .init is too large to fit in FLASH memory segment)
                0x00000000000263d8                __init_rodata_load_start__ = ALIGN (__init_end__, 0x4)

.init_rodata    0x00000000000263d8        0x0
                0x00000000000263d8                __init_rodata_start__ = .
 *(.init_rodata .init_rodata.*)
                0x00000000000263d8                __init_rodata_end__ = (__init_rodata_start__ + SIZEOF (.init_rodata))
                0x0000000000000000                __init_rodata_size__ = SIZEOF (.init_rodata)
                0x00000000000263d8                __init_rodata_load_end__ = __init_rodata_end__
                0x0000000000000001                . = ASSERT (((__init_rodata_start__ == __init_rodata_end__) || ((__init_rodata_end__ >= __FLASH_segment_start__) && (__init_rodata_end__ <= __FLASH_segment_end__))), error: .init_rodata is too large to fit in FLASH memory segment)
                0x00000000000263d8                __text_load_start__ = ALIGN (__init_rodata_end__, 0x4)

.text           0x00000000000263d8     0x7d2c
                0x00000000000263d8                __text_start__ = .
 *(.text .text.* .glue_7t .glue_7 .gnu.linkonce.t.* .gcc_except_table .ARM.extab* .gnu.linkonce.armextab.*)
 .glue_7        0x00000000000263d8        0x0 linker stubs
 .glue_7t       0x00000000000263d8        0x0 linker stubs
 .text.nrf_log_backend_rtt_flush
                0x00000000000263d8        0x2 Output/ble_app_uart_c_pca10056_s140 Release/Obj/nrf_log_backend_rtt.o
 *fill*         0x00000000000263da        0x2 
 .text.nrf_log_backend_rtt_put
                0x00000000000263dc       0x20 Output/ble_app_uart_c_pca10056_s140 Release/Obj/nrf_log_backend_rtt.o
 .text.serial_tx
                0x00000000000263fc       0x58 Output/ble_app_uart_c_pca10056_s140 Release/Obj/nrf_log_backend_rtt.o
 .text.nrf_log_backend_rtt_panic_set
                0x0000000000026454        0x2 Output/ble_app_uart_c_pca10056_s140 Release/Obj/nrf_log_backend_rtt.o
 .text.nrf_log_backend_rtt_init
                0x0000000000026456        0x4 Output/ble_app_uart_c_pca10056_s140 Release/Obj/nrf_log_backend_rtt.o
                0x0000000000026456                nrf_log_backend_rtt_init
 .text.nrf_log_backend_serial_put
                0x000000000002645a       0xcc Output/ble_app_uart_c_pca10056_s140 Release/Obj/nrf_log_backend_serial.o
                0x000000000002645a                nrf_log_backend_serial_put
 *fill*         0x0000000000026526        0x2 
 .text.nrf_log_default_backends_init
                0x0000000000026528       0x20 Output/ble_app_uart_c_pca10056_s140 Release/Obj/nrf_log_default_backends.o
                0x0000000000026528                nrf_log_default_backends_init
 .text.invalid_packets_omit
                0x0000000000026548       0x3a Output/ble_app_uart_c_pca10056_s140 Release/Obj/nrf_log_frontend.o
 *fill*         0x0000000000026582        0x2 
 .text.buf_prealloc
                0x0000000000026584      0x134 Output/ble_app_uart_c_pca10056_s140 Release/Obj/nrf_log_frontend.o
 .text.nrf_log_init
                0x00000000000266b8       0x3c Output/ble_app_uart_c_pca10056_s140 Release/Obj/nrf_log_frontend.o
                0x00000000000266b8                nrf_log_init
 .text.nrf_log_module_name_get
                0x00000000000266f4       0x38 Output/ble_app_uart_c_pca10056_s140 Release/Obj/nrf_log_frontend.o
                0x00000000000266f4                nrf_log_module_name_get
 .text.nrf_log_color_id_get
                0x000000000002672c       0x2c Output/ble_app_uart_c_pca10056_s140 Release/Obj/nrf_log_frontend.o
                0x000000000002672c                nrf_log_color_id_get
 .text.buffer_is_empty
                0x0000000000026758       0x14 Output/ble_app_uart_c_pca10056_s140 Release/Obj/nrf_log_frontend.o
                0x0000000000026758                buffer_is_empty
 .text.nrf_log_frontend_dequeue
                0x000000000002676c      0x228 Output/ble_app_uart_c_pca10056_s140 Release/Obj/nrf_log_frontend.o
                0x000000000002676c                nrf_log_frontend_dequeue
 .text.std_n    0x0000000000026994       0xb0 Output/ble_app_uart_c_pca10056_s140 Release/Obj/nrf_log_frontend.o
 .text.nrf_log_frontend_std_0
                0x0000000000026a44        0x8 Output/ble_app_uart_c_pca10056_s140 Release/Obj/nrf_log_frontend.o
                0x0000000000026a44                nrf_log_frontend_std_0
 .text.nrf_log_frontend_std_1
                0x0000000000026a4c       0x14 Output/ble_app_uart_c_pca10056_s140 Release/Obj/nrf_log_frontend.o
                0x0000000000026a4c                nrf_log_frontend_std_1
 .text.nrf_log_frontend_std_2
                0x0000000000026a60       0x14 Output/ble_app_uart_c_pca10056_s140 Release/Obj/nrf_log_frontend.o
                0x0000000000026a60                nrf_log_frontend_std_2
 .text.nrf_log_frontend_std_3
                0x0000000000026a74       0x18 Output/ble_app_uart_c_pca10056_s140 Release/Obj/nrf_log_frontend.o
                0x0000000000026a74                nrf_log_frontend_std_3
 .text.nrf_log_frontend_std_6
                0x0000000000026a8c       0x24 Output/ble_app_uart_c_pca10056_s140 Release/Obj/nrf_log_frontend.o
                0x0000000000026a8c                nrf_log_frontend_std_6
 .text.nrf_log_frontend_hexdump
                0x0000000000026ab0       0xd0 Output/ble_app_uart_c_pca10056_s140 Release/Obj/nrf_log_frontend.o
                0x0000000000026ab0                nrf_log_frontend_hexdump
 .text.nrf_log_backend_add
                0x0000000000026b80       0x44 Output/ble_app_uart_c_pca10056_s140 Release/Obj/nrf_log_frontend.o
                0x0000000000026b80                nrf_log_backend_add
 .text.nrf_log_panic
                0x0000000000026bc4       0x2c Output/ble_app_uart_c_pca10056_s140 Release/Obj/nrf_log_frontend.o
                0x0000000000026bc4                nrf_log_panic
 .text.postfix_process
                0x0000000000026bf0       0x3c Output/ble_app_uart_c_pca10056_s140 Release/Obj/nrf_log_str_formatter.o
 .text.prefix_process
                0x0000000000026c2c       0x78 Output/ble_app_uart_c_pca10056_s140 Release/Obj/nrf_log_str_formatter.o
 .text.nrf_log_std_entry_process
                0x0000000000026ca4       0xc8 Output/ble_app_uart_c_pca10056_s140 Release/Obj/nrf_log_str_formatter.o
                0x0000000000026ca4                nrf_log_std_entry_process
 .text.nrf_log_hexdump_entry_process
                0x0000000000026d6c       0xb4 Output/ble_app_uart_c_pca10056_s140 Release/Obj/nrf_log_str_formatter.o
                0x0000000000026d6c                nrf_log_hexdump_entry_process
 .text.detection_delay_timeout_handler
                0x0000000000026e20      0x104 Output/ble_app_uart_c_pca10056_s140 Release/Obj/app_button.o
 .text.gpiote_event_handler
                0x0000000000026f24       0xa8 Output/ble_app_uart_c_pca10056_s140 Release/Obj/app_button.o
 .text.app_button_init
                0x0000000000026fcc       0xa8 Output/ble_app_uart_c_pca10056_s140 Release/Obj/app_button.o
                0x0000000000026fcc                app_button_init
 .text.app_button_enable
                0x0000000000027074       0x2c Output/ble_app_uart_c_pca10056_s140 Release/Obj/app_button.o
                0x0000000000027074                app_button_enable
 .text.app_error_handler_bare
                0x00000000000270a0       0x1a Output/ble_app_uart_c_pca10056_s140 Release/Obj/app_error.o
                0x00000000000270a0                app_error_handler_bare
 *fill*         0x00000000000270ba        0x2 
 .text.app_error_fault_handler
                0x00000000000270bc       0x70 Output/ble_app_uart_c_pca10056_s140 Release/Obj/app_error_weak.o
                0x00000000000270bc                app_error_fault_handler
 .text.app_fifo_init
                0x000000000002712c       0x1e Output/ble_app_uart_c_pca10056_s140 Release/Obj/app_fifo.o
                0x000000000002712c                app_fifo_init
 .text.app_fifo_put
                0x000000000002714a       0x24 Output/ble_app_uart_c_pca10056_s140 Release/Obj/app_fifo.o
                0x000000000002714a                app_fifo_put
 .text.app_fifo_get
                0x000000000002716e       0x22 Output/ble_app_uart_c_pca10056_s140 Release/Obj/app_fifo.o
                0x000000000002716e                app_fifo_get
 .text.user_op_alloc
                0x0000000000027190       0x2c Output/ble_app_uart_c_pca10056_s140 Release/Obj/app_timer.o
 .text.timer_stop_op_schedule
                0x00000000000271bc       0x50 Output/ble_app_uart_c_pca10056_s140 Release/Obj/app_timer.o
 .text.nrfx_coredep_delay_us.constprop.3
                0x000000000002720c       0x10 Output/ble_app_uart_c_pca10056_s140 Release/Obj/app_timer.o
 .text.rtc1_stop
                0x000000000002721c       0x44 Output/ble_app_uart_c_pca10056_s140 Release/Obj/app_timer.o
 .text.RTC1_IRQHandler
                0x0000000000027260       0x9c Output/ble_app_uart_c_pca10056_s140 Release/Obj/app_timer.o
                0x0000000000027260                RTC1_IRQHandler
 .text.SWI0_EGU0_IRQHandler
                0x00000000000272fc      0x2ac Output/ble_app_uart_c_pca10056_s140 Release/Obj/app_timer.o
                0x00000000000272fc                SWI0_EGU0_IRQHandler
 .text.app_timer_init
                0x00000000000275a8       0x60 Output/ble_app_uart_c_pca10056_s140 Release/Obj/app_timer.o
                0x00000000000275a8                app_timer_init
 .text.app_timer_create
                0x0000000000027608       0x24 Output/ble_app_uart_c_pca10056_s140 Release/Obj/app_timer.o
                0x0000000000027608                app_timer_create
 .text.app_timer_start
                0x000000000002762c       0x88 Output/ble_app_uart_c_pca10056_s140 Release/Obj/app_timer.o
                0x000000000002762c                app_timer_start
 .text.app_timer_stop
                0x00000000000276b4       0x20 Output/ble_app_uart_c_pca10056_s140 Release/Obj/app_timer.o
                0x00000000000276b4                app_timer_stop
 .text.nrf_drv_uart_rx.constprop.0
                0x00000000000276d4       0x28 Output/ble_app_uart_c_pca10056_s140 Release/Obj/app_uart_fifo.o
 .text.nrf_drv_uart_tx.constprop.2
                0x00000000000276fc       0x28 Output/ble_app_uart_c_pca10056_s140 Release/Obj/app_uart_fifo.o
 .text.uart_event_handler
                0x0000000000027724       0xa8 Output/ble_app_uart_c_pca10056_s140 Release/Obj/app_uart_fifo.o
 .text.app_uart_init
                0x00000000000277cc       0xb0 Output/ble_app_uart_c_pca10056_s140 Release/Obj/app_uart_fifo.o
                0x00000000000277cc                app_uart_init
 .text.app_uart_get
                0x000000000002787c       0x2c Output/ble_app_uart_c_pca10056_s140 Release/Obj/app_uart_fifo.o
                0x000000000002787c                app_uart_get
 .text.app_uart_put
                0x00000000000278a8       0x50 Output/ble_app_uart_c_pca10056_s140 Release/Obj/app_uart_fifo.o
                0x00000000000278a8                app_uart_put
 .text.app_util_critical_region_enter
                0x00000000000278f8       0x48 Output/ble_app_uart_c_pca10056_s140 Release/Obj/app_util_platform.o
                0x00000000000278f8                app_util_critical_region_enter
 .text.app_util_critical_region_exit
                0x0000000000027940       0x2c Output/ble_app_uart_c_pca10056_s140 Release/Obj/app_util_platform.o
                0x0000000000027940                app_util_critical_region_exit
 .text.nrf_atomic_u32_fetch_store
                0x000000000002796c       0x14 Output/ble_app_uart_c_pca10056_s140 Release/Obj/nrf_atomic.o
                0x000000000002796c                nrf_atomic_u32_fetch_store
 .text.nrf_atomic_u32_or
                0x0000000000027980       0x16 Output/ble_app_uart_c_pca10056_s140 Release/Obj/nrf_atomic.o
                0x0000000000027980                nrf_atomic_u32_or
 .text.nrf_atomic_u32_fetch_and
                0x0000000000027996       0x16 Output/ble_app_uart_c_pca10056_s140 Release/Obj/nrf_atomic.o
                0x0000000000027996                nrf_atomic_u32_fetch_and
 .text.nrf_atomic_u32_add
                0x00000000000279ac       0x16 Output/ble_app_uart_c_pca10056_s140 Release/Obj/nrf_atomic.o
                0x00000000000279ac                nrf_atomic_u32_add
 .text.nrf_atomic_u32_sub
                0x00000000000279c2       0x16 Output/ble_app_uart_c_pca10056_s140 Release/Obj/nrf_atomic.o
                0x00000000000279c2                nrf_atomic_u32_sub
 .text.nrf_atomic_flag_set
                0x00000000000279d8        0x6 Output/ble_app_uart_c_pca10056_s140 Release/Obj/nrf_atomic.o
                0x00000000000279d8                nrf_atomic_flag_set
 .text.nrf_atomic_flag_clear_fetch
                0x00000000000279de        0x6 Output/ble_app_uart_c_pca10056_s140 Release/Obj/nrf_atomic.o
                0x00000000000279de                nrf_atomic_flag_clear_fetch
 .text.nrf_balloc_init
                0x00000000000279e4       0x2e Output/ble_app_uart_c_pca10056_s140 Release/Obj/nrf_balloc.o
                0x00000000000279e4                nrf_balloc_init
 .text.nrf_balloc_alloc
                0x0000000000027a12       0x46 Output/ble_app_uart_c_pca10056_s140 Release/Obj/nrf_balloc.o
                0x0000000000027a12                nrf_balloc_alloc
 .text.nrf_balloc_free
                0x0000000000027a58       0x32 Output/ble_app_uart_c_pca10056_s140 Release/Obj/nrf_balloc.o
                0x0000000000027a58                nrf_balloc_free
 .text.nrf_fprintf_buffer_flush
                0x0000000000027a8a       0x16 Output/ble_app_uart_c_pca10056_s140 Release/Obj/nrf_fprintf.o
                0x0000000000027a8a                nrf_fprintf_buffer_flush
 .text.nrf_fprintf
                0x0000000000027aa0       0x1e Output/ble_app_uart_c_pca10056_s140 Release/Obj/nrf_fprintf.o
                0x0000000000027aa0                nrf_fprintf
 .text.buffer_add
                0x0000000000027abe       0x2e Output/ble_app_uart_c_pca10056_s140 Release/Obj/nrf_fprintf_format.o
 .text.unsigned_print
                0x0000000000027aec       0xac Output/ble_app_uart_c_pca10056_s140 Release/Obj/nrf_fprintf_format.o
 .text.nrf_fprintf_fmt
                0x0000000000027b98      0x28a Output/ble_app_uart_c_pca10056_s140 Release/Obj/nrf_fprintf_format.o
                0x0000000000027b98                nrf_fprintf_fmt
 .text.memobj_op
                0x0000000000027e22       0x82 Output/ble_app_uart_c_pca10056_s140 Release/Obj/nrf_memobj.o
 .text.nrf_memobj_pool_init
                0x0000000000027ea4        0x4 Output/ble_app_uart_c_pca10056_s140 Release/Obj/nrf_memobj.o
                0x0000000000027ea4                nrf_memobj_pool_init
 .text.nrf_memobj_free
                0x0000000000027ea8       0x2c Output/ble_app_uart_c_pca10056_s140 Release/Obj/nrf_memobj.o
                0x0000000000027ea8                nrf_memobj_free
 .text.nrf_memobj_alloc
                0x0000000000027ed4       0x5e Output/ble_app_uart_c_pca10056_s140 Release/Obj/nrf_memobj.o
                0x0000000000027ed4                nrf_memobj_alloc
 .text.nrf_memobj_get
                0x0000000000027f32        0x8 Output/ble_app_uart_c_pca10056_s140 Release/Obj/nrf_memobj.o
                0x0000000000027f32                nrf_memobj_get
 .text.nrf_memobj_put
                0x0000000000027f3a       0x1e Output/ble_app_uart_c_pca10056_s140 Release/Obj/nrf_memobj.o
                0x0000000000027f3a                nrf_memobj_put
 .text.nrf_memobj_write
                0x0000000000027f58       0x16 Output/ble_app_uart_c_pca10056_s140 Release/Obj/nrf_memobj.o
                0x0000000000027f58                nrf_memobj_write
 .text.nrf_memobj_read
                0x0000000000027f6e       0x16 Output/ble_app_uart_c_pca10056_s140 Release/Obj/nrf_memobj.o
                0x0000000000027f6e                nrf_memobj_read
 .text.sd_power_system_off
                0x0000000000027f84        0x4 Output/ble_app_uart_c_pca10056_s140 Release/Obj/nrf_pwr_mgmt.o
 .text.sd_app_evt_wait
                0x0000000000027f88        0x4 Output/ble_app_uart_c_pca10056_s140 Release/Obj/nrf_pwr_mgmt.o
 .text.nrf_pwr_mgmt_init
                0x0000000000027f8c       0x2c Output/ble_app_uart_c_pca10056_s140 Release/Obj/nrf_pwr_mgmt.o
                0x0000000000027f8c                nrf_pwr_mgmt_init
 .text.nrf_pwr_mgmt_run
                0x0000000000027fb8       0x4c Output/ble_app_uart_c_pca10056_s140 Release/Obj/nrf_pwr_mgmt.o
                0x0000000000027fb8                nrf_pwr_mgmt_run
 .text.nrf_pwr_mgmt_shutdown
                0x0000000000028004       0xb4 Output/ble_app_uart_c_pca10056_s140 Release/Obj/nrf_pwr_mgmt.o
                0x0000000000028004                nrf_pwr_mgmt_shutdown
 .text.nrf_ringbuf_init
                0x00000000000280b8       0x12 Output/ble_app_uart_c_pca10056_s140 Release/Obj/nrf_ringbuf.o
                0x00000000000280b8                nrf_ringbuf_init
 .text.nrf_section_iter_init
                0x00000000000280ca       0x14 Output/ble_app_uart_c_pca10056_s140 Release/Obj/nrf_section_iter.o
                0x00000000000280ca                nrf_section_iter_init
 .text.nrf_section_iter_next
                0x00000000000280de       0x18 Output/ble_app_uart_c_pca10056_s140 Release/Obj/nrf_section_iter.o
                0x00000000000280de                nrf_section_iter_next
 *fill*         0x00000000000280f6        0x2 
 .text.nrf_strerror_find
                0x00000000000280f8       0x3c Output/ble_app_uart_c_pca10056_s140 Release/Obj/nrf_strerror.o
                0x00000000000280f8                nrf_strerror_find
 .text.nrf_strerror_get
                0x0000000000028134       0x14 Output/ble_app_uart_c_pca10056_s140 Release/Obj/nrf_strerror.o
                0x0000000000028134                nrf_strerror_get
 .text.__putchar
                0x0000000000028148        0xe Output/ble_app_uart_c_pca10056_s140 Release/Obj/retarget.o
                0x0000000000028148                __putchar
 *fill*         0x0000000000028156        0x2 
 .text.errata_98
                0x0000000000028158       0x20 Output/ble_app_uart_c_pca10056_s140 Release/Obj/system_nrf52840.o
 .text.SystemInit
                0x0000000000028178      0x1b8 Output/ble_app_uart_c_pca10056_s140 Release/Obj/system_nrf52840.o
                0x0000000000028178                SystemInit
 .text.bsp_board_led_state_get
                0x0000000000028330       0x28 Output/ble_app_uart_c_pca10056_s140 Release/Obj/boards.o
                0x0000000000028330                bsp_board_led_state_get
 .text.bsp_board_led_on
                0x0000000000028358       0x28 Output/ble_app_uart_c_pca10056_s140 Release/Obj/boards.o
                0x0000000000028358                bsp_board_led_on
 .text.bsp_board_led_off
                0x0000000000028380       0x28 Output/ble_app_uart_c_pca10056_s140 Release/Obj/boards.o
                0x0000000000028380                bsp_board_led_off
 .text.bsp_board_leds_off
                0x00000000000283a8       0x1e Output/ble_app_uart_c_pca10056_s140 Release/Obj/boards.o
                0x00000000000283a8                bsp_board_leds_off
 .text.bsp_board_leds_on
                0x00000000000283c6       0x1e Output/ble_app_uart_c_pca10056_s140 Release/Obj/boards.o
                0x00000000000283c6                bsp_board_leds_on
 .text.bsp_board_led_invert
                0x00000000000283e4       0x34 Output/ble_app_uart_c_pca10056_s140 Release/Obj/boards.o
                0x00000000000283e4                bsp_board_led_invert
 .text.bsp_board_button_state_get
                0x0000000000028418       0x28 Output/ble_app_uart_c_pca10056_s140 Release/Obj/boards.o
                0x0000000000028418                bsp_board_button_state_get
 .text.bsp_board_pin_to_button_idx
                0x0000000000028440       0x24 Output/ble_app_uart_c_pca10056_s140 Release/Obj/boards.o
                0x0000000000028440                bsp_board_pin_to_button_idx
 .text.bsp_board_button_idx_to_pin
                0x0000000000028464        0xc Output/ble_app_uart_c_pca10056_s140 Release/Obj/boards.o
                0x0000000000028464                bsp_board_button_idx_to_pin
 .text.bsp_board_init
                0x0000000000028470       0x3e Output/ble_app_uart_c_pca10056_s140 Release/Obj/boards.o
                0x0000000000028470                bsp_board_init
 *fill*         0x00000000000284ae        0x2 
 .text.clock_clk_started_notify
                0x00000000000284b0       0x28 Output/ble_app_uart_c_pca10056_s140 Release/Obj/nrf_drv_clock.o
 .text.clock_irq_handler
                0x00000000000284d8       0x1c Output/ble_app_uart_c_pca10056_s140 Release/Obj/nrf_drv_clock.o
 .text.soc_evt_handler
                0x00000000000284f4       0x14 Output/ble_app_uart_c_pca10056_s140 Release/Obj/nrf_drv_clock.o
 .text.nrf_drv_clock_init
                0x0000000000028508       0x38 Output/ble_app_uart_c_pca10056_s140 Release/Obj/nrf_drv_clock.o
                0x0000000000028508                nrf_drv_clock_init
 .text.nrf_drv_clock_lfclk_release
                0x0000000000028540       0x30 Output/ble_app_uart_c_pca10056_s140 Release/Obj/nrf_drv_clock.o
                0x0000000000028540                nrf_drv_clock_lfclk_release
 .text.sd_state_evt_handler
                0x0000000000028570       0x58 Output/ble_app_uart_c_pca10056_s140 Release/Obj/nrf_drv_clock.o
 .text.uarte_evt_handler
                0x00000000000285c8       0x34 Output/ble_app_uart_c_pca10056_s140 Release/Obj/nrf_drv_uart.o
 .text.uart_evt_handler
                0x00000000000285fc       0x34 Output/ble_app_uart_c_pca10056_s140 Release/Obj/nrf_drv_uart.o
 .text.nrf_drv_uart_init
                0x0000000000028630       0x7c Output/ble_app_uart_c_pca10056_s140 Release/Obj/nrf_drv_uart.o
                0x0000000000028630                nrf_drv_uart_init
 .text.nrfx_clock_init
                0x00000000000286ac       0x1c Output/ble_app_uart_c_pca10056_s140 Release/Obj/nrfx_clock.o
                0x00000000000286ac                nrfx_clock_init
 .text.nrfx_clock_enable
                0x00000000000286c8       0x24 Output/ble_app_uart_c_pca10056_s140 Release/Obj/nrfx_clock.o
                0x00000000000286c8                nrfx_clock_enable
 .text.nrfx_clock_lfclk_stop
                0x00000000000286ec       0x18 Output/ble_app_uart_c_pca10056_s140 Release/Obj/nrfx_clock.o
                0x00000000000286ec                nrfx_clock_lfclk_stop
 .text.POWER_CLOCK_IRQHandler
                0x0000000000028704       0x64 Output/ble_app_uart_c_pca10056_s140 Release/Obj/nrfx_clock.o
                0x0000000000028704                POWER_CLOCK_IRQHandler
 .text.nrf_gpiote_event_clear
                0x0000000000028768       0x18 Output/ble_app_uart_c_pca10056_s140 Release/Obj/nrfx_gpiote.o
 .text.nrf_gpio_pin_port_decode
                0x0000000000028780       0x18 Output/ble_app_uart_c_pca10056_s140 Release/Obj/nrfx_gpiote.o
 .text.nrf_gpio_cfg_sense_set
                0x0000000000028798       0x32 Output/ble_app_uart_c_pca10056_s140 Release/Obj/nrfx_gpiote.o
 *fill*         0x00000000000287ca        0x2 
 .text.channel_free
                0x00000000000287cc       0x1c Output/ble_app_uart_c_pca10056_s140 Release/Obj/nrfx_gpiote.o
 .text.nrfx_gpiote_init
                0x00000000000287e8       0x6c Output/ble_app_uart_c_pca10056_s140 Release/Obj/nrfx_gpiote.o
                0x00000000000287e8                nrfx_gpiote_init
 .text.nrfx_gpiote_is_init
                0x0000000000028854       0x14 Output/ble_app_uart_c_pca10056_s140 Release/Obj/nrfx_gpiote.o
                0x0000000000028854                nrfx_gpiote_is_init
 .text.nrfx_gpiote_in_init
                0x0000000000028868      0x10c Output/ble_app_uart_c_pca10056_s140 Release/Obj/nrfx_gpiote.o
                0x0000000000028868                nrfx_gpiote_in_init
 .text.nrfx_gpiote_in_event_enable
                0x0000000000028974       0x94 Output/ble_app_uart_c_pca10056_s140 Release/Obj/nrfx_gpiote.o
                0x0000000000028974                nrfx_gpiote_in_event_enable
 .text.nrfx_gpiote_in_is_set
                0x0000000000028a08       0x20 Output/ble_app_uart_c_pca10056_s140 Release/Obj/nrfx_gpiote.o
                0x0000000000028a08                nrfx_gpiote_in_is_set
 .text.GPIOTE_IRQHandler
                0x0000000000028a28      0x1a4 Output/ble_app_uart_c_pca10056_s140 Release/Obj/nrfx_gpiote.o
                0x0000000000028a28                GPIOTE_IRQHandler
 .text.UARTE0_UART0_IRQHandler
                0x0000000000028bcc        0xc Output/ble_app_uart_c_pca10056_s140 Release/Obj/nrfx_prs.o
                0x0000000000028bcc                UARTE0_UART0_IRQHandler
 .text.nrfx_prs_acquire
                0x0000000000028bd8       0x40 Output/ble_app_uart_c_pca10056_s140 Release/Obj/nrfx_prs.o
                0x0000000000028bd8                nrfx_prs_acquire
 .text.nrf_uart_event_clear
                0x0000000000028c18       0x10 Output/ble_app_uart_c_pca10056_s140 Release/Obj/nrfx_uart.o
 .text.tx_byte  0x0000000000028c28       0x1e Output/ble_app_uart_c_pca10056_s140 Release/Obj/nrfx_uart.o
 .text.rx_enable.isra.4
                0x0000000000028c46       0x20 Output/ble_app_uart_c_pca10056_s140 Release/Obj/nrfx_uart.o
 .text.rx_byte  0x0000000000028c66       0x2c Output/ble_app_uart_c_pca10056_s140 Release/Obj/nrfx_uart.o
 *fill*         0x0000000000028c92        0x2 
 .text.rx_done_event.constprop.7
                0x0000000000028c94       0x20 Output/ble_app_uart_c_pca10056_s140 Release/Obj/nrfx_uart.o
 .text.nrfx_uart_0_irq_handler
                0x0000000000028cb4      0x13c Output/ble_app_uart_c_pca10056_s140 Release/Obj/nrfx_uart.o
                0x0000000000028cb4                nrfx_uart_0_irq_handler
 .text.nrfx_uart_init
                0x0000000000028df0      0x1a8 Output/ble_app_uart_c_pca10056_s140 Release/Obj/nrfx_uart.o
                0x0000000000028df0                nrfx_uart_init
 .text.nrfx_uart_tx
                0x0000000000028f98       0x94 Output/ble_app_uart_c_pca10056_s140 Release/Obj/nrfx_uart.o
                0x0000000000028f98                nrfx_uart_tx
 .text.nrfx_uart_tx_in_progress
                0x000000000002902c       0x18 Output/ble_app_uart_c_pca10056_s140 Release/Obj/nrfx_uart.o
                0x000000000002902c                nrfx_uart_tx_in_progress
 .text.nrfx_uart_rx
                0x0000000000029044       0xec Output/ble_app_uart_c_pca10056_s140 Release/Obj/nrfx_uart.o
                0x0000000000029044                nrfx_uart_rx
 .text.nrf_uarte_event_clear
                0x0000000000029130       0x10 Output/ble_app_uart_c_pca10056_s140 Release/Obj/nrfx_uarte.o
 .text.rx_done_event.constprop.6
                0x0000000000029140       0x20 Output/ble_app_uart_c_pca10056_s140 Release/Obj/nrfx_uarte.o
 .text.nrfx_uarte_0_irq_handler
                0x0000000000029160       0xe8 Output/ble_app_uart_c_pca10056_s140 Release/Obj/nrfx_uarte.o
                0x0000000000029160                nrfx_uarte_0_irq_handler
 .text.nrfx_uarte_init
                0x0000000000029248      0x1b8 Output/ble_app_uart_c_pca10056_s140 Release/Obj/nrfx_uarte.o
                0x0000000000029248                nrfx_uarte_init
 .text.nrfx_uarte_tx
                0x0000000000029400       0x88 Output/ble_app_uart_c_pca10056_s140 Release/Obj/nrfx_uarte.o
                0x0000000000029400                nrfx_uarte_tx
 .text.nrfx_uarte_tx_in_progress
                0x0000000000029488       0x18 Output/ble_app_uart_c_pca10056_s140 Release/Obj/nrfx_uarte.o
                0x0000000000029488                nrfx_uarte_tx_in_progress
 .text.nrfx_uarte_rx
                0x00000000000294a0       0xd8 Output/ble_app_uart_c_pca10056_s140 Release/Obj/nrfx_uarte.o
                0x00000000000294a0                nrfx_uarte_rx
 .text.nrf_gpio_cfg_sense_set
                0x0000000000029578       0x30 Output/ble_app_uart_c_pca10056_s140 Release/Obj/bsp.o
 .text.alert_timer_handler
                0x00000000000295a8        0x6 Output/ble_app_uart_c_pca10056_s140 Release/Obj/bsp.o
 *fill*         0x00000000000295ae        0x2 
 .text.bsp_button_event_handler
                0x00000000000295b0       0x9c Output/ble_app_uart_c_pca10056_s140 Release/Obj/bsp.o
 .text.button_timer_handler
                0x000000000002964c        0x8 Output/ble_app_uart_c_pca10056_s140 Release/Obj/bsp.o
 .text.leds_off
                0x0000000000029654       0x2c Output/ble_app_uart_c_pca10056_s140 Release/Obj/bsp.o
 .text.bsp_led_indication
                0x0000000000029680      0x204 Output/ble_app_uart_c_pca10056_s140 Release/Obj/bsp.o
 .text.leds_timer_handler
                0x0000000000029884       0x1c Output/ble_app_uart_c_pca10056_s140 Release/Obj/bsp.o
 .text.bsp_button_is_pressed
                0x00000000000298a0        0xc Output/ble_app_uart_c_pca10056_s140 Release/Obj/bsp.o
                0x00000000000298a0                bsp_button_is_pressed
 .text.bsp_indication_set
                0x00000000000298ac       0x18 Output/ble_app_uart_c_pca10056_s140 Release/Obj/bsp.o
                0x00000000000298ac                bsp_indication_set
 .text.bsp_init
                0x00000000000298c4       0x9c Output/ble_app_uart_c_pca10056_s140 Release/Obj/bsp.o
                0x00000000000298c4                bsp_init
 .text.bsp_event_to_button_action_assign
                0x0000000000029960       0x4c Output/ble_app_uart_c_pca10056_s140 Release/Obj/bsp.o
                0x0000000000029960                bsp_event_to_button_action_assign
 .text.bsp_wakeup_button_enable
                0x00000000000299ac       0x18 Output/ble_app_uart_c_pca10056_s140 Release/Obj/bsp.o
                0x00000000000299ac                bsp_wakeup_button_enable
 .text.advertising_buttons_configure
                0x00000000000299c4       0x36 Output/ble_app_uart_c_pca10056_s140 Release/Obj/bsp_btn_ble.o
 *fill*         0x00000000000299fa        0x2 
 .text.ble_evt_handler
                0x00000000000299fc       0x80 Output/ble_app_uart_c_pca10056_s140 Release/Obj/bsp_btn_ble.o
 .text.bsp_btn_ble_sleep_mode_prepare
                0x0000000000029a7c       0x1e Output/ble_app_uart_c_pca10056_s140 Release/Obj/bsp_btn_ble.o
                0x0000000000029a7c                bsp_btn_ble_sleep_mode_prepare
 *fill*         0x0000000000029a9a        0x2 
 .text.bsp_btn_ble_init
                0x0000000000029a9c       0x40 Output/ble_app_uart_c_pca10056_s140 Release/Obj/bsp_btn_ble.o
                0x0000000000029a9c                bsp_btn_ble_init
 .text.sd_ble_gap_conn_param_update
                0x0000000000029adc        0x8 Output/ble_app_uart_c_pca10056_s140 Release/Obj/main.o
 .text.sd_ble_gap_disconnect
                0x0000000000029ae4        0x8 Output/ble_app_uart_c_pca10056_s140 Release/Obj/main.o
 .text.sd_ble_gap_sec_params_reply
                0x0000000000029aec        0x8 Output/ble_app_uart_c_pca10056_s140 Release/Obj/main.o
 .text.sd_ble_gap_phy_update
                0x0000000000029af4        0x8 Output/ble_app_uart_c_pca10056_s140 Release/Obj/main.o
 .text.scan_start
                0x0000000000029afc       0x64 Output/ble_app_uart_c_pca10056_s140 Release/Obj/main.o
 .text.scan_evt_handler
                0x0000000000029b60       0xac Output/ble_app_uart_c_pca10056_s140 Release/Obj/main.o
 .text.scan_init
                0x0000000000029c0c       0x98 Output/ble_app_uart_c_pca10056_s140 Release/Obj/main.o
 .text.db_disc_handler
                0x0000000000029ca4       0x1c Output/ble_app_uart_c_pca10056_s140 Release/Obj/main.o
 .text.ascii_to_hex_conversion
                0x0000000000029cc0      0x1ac Output/ble_app_uart_c_pca10056_s140 Release/Obj/main.o
 .text.len_args_check
                0x0000000000029e6c      0x204 Output/ble_app_uart_c_pca10056_s140 Release/Obj/main.o
 .text.command_start
                0x000000000002a070      0x144 Output/ble_app_uart_c_pca10056_s140 Release/Obj/main.o
 .text.command_stop
                0x000000000002a1b4       0x7c Output/ble_app_uart_c_pca10056_s140 Release/Obj/main.o
 .text.command_getparam
                0x000000000002a230       0x7c Output/ble_app_uart_c_pca10056_s140 Release/Obj/main.o
 .text.command_setparam
                0x000000000002a2ac      0x324 Output/ble_app_uart_c_pca10056_s140 Release/Obj/main.o
 .text.command_gettime
                0x000000000002a5d0       0x7c Output/ble_app_uart_c_pca10056_s140 Release/Obj/main.o
 .text.command_settime
                0x000000000002a64c       0xec Output/ble_app_uart_c_pca10056_s140 Release/Obj/main.o
 .text.command_setmeasure
                0x000000000002a738       0xcc Output/ble_app_uart_c_pca10056_s140 Release/Obj/main.o
 .text.command_discon
                0x000000000002a804       0xb4 Output/ble_app_uart_c_pca10056_s140 Release/Obj/main.o
 .text.command_getmeasure
                0x000000000002a8b8       0xe4 Output/ble_app_uart_c_pca10056_s140 Release/Obj/main.o
 .text.creation_binary_from_command
                0x000000000002a99c      0x1f8 Output/ble_app_uart_c_pca10056_s140 Release/Obj/main.o
 .text.uart_event_handle
                0x000000000002ab94      0x12c Output/ble_app_uart_c_pca10056_s140 Release/Obj/main.o
                0x000000000002ab94                uart_event_handle
 .text.set_sequence_number
                0x000000000002acc0       0x44 Output/ble_app_uart_c_pca10056_s140 Release/Obj/main.o
                0x000000000002acc0                set_sequence_number
 .text.ble_nus_c_evt_handler
                0x000000000002ad04      0x458 Output/ble_app_uart_c_pca10056_s140 Release/Obj/main.o
 .text.shutdown_handler
                0x000000000002b15c       0x4e Output/ble_app_uart_c_pca10056_s140 Release/Obj/main.o
 *fill*         0x000000000002b1aa        0x2 
 .text.ble_evt_handler
                0x000000000002b1ac      0x4b4 Output/ble_app_uart_c_pca10056_s140 Release/Obj/main.o
 .text.ble_stack_init
                0x000000000002b660       0x5c Output/ble_app_uart_c_pca10056_s140 Release/Obj/main.o
 .text.gatt_evt_handler
                0x000000000002b6bc       0x70 Output/ble_app_uart_c_pca10056_s140 Release/Obj/main.o
                0x000000000002b6bc                gatt_evt_handler
 .text.gatt_init
                0x000000000002b72c       0x48 Output/ble_app_uart_c_pca10056_s140 Release/Obj/main.o
                0x000000000002b72c                gatt_init
 .text.bsp_event_handler
                0x000000000002b774       0x54 Output/ble_app_uart_c_pca10056_s140 Release/Obj/main.o
                0x000000000002b774                bsp_event_handler
 .text.uart_init
                0x000000000002b7c8       0x60 Output/ble_app_uart_c_pca10056_s140 Release/Obj/main.o
 .text.nus_c_init
                0x000000000002b828       0x68 Output/ble_app_uart_c_pca10056_s140 Release/Obj/main.o
 .text.buttons_leds_init
                0x000000000002b890       0x48 Output/ble_app_uart_c_pca10056_s140 Release/Obj/main.o
 .text.end_of_measurement_handler
                0x000000000002b8d8       0x80 Output/ble_app_uart_c_pca10056_s140 Release/Obj/main.o
                0x000000000002b8d8                end_of_measurement_handler
 .text.led_handler
                0x000000000002b958       0x40 Output/ble_app_uart_c_pca10056_s140 Release/Obj/main.o
                0x000000000002b958                led_handler
 .text.timer_init
                0x000000000002b998       0x6c Output/ble_app_uart_c_pca10056_s140 Release/Obj/main.o
 .text.log_init
                0x000000000002ba04       0x2c Output/ble_app_uart_c_pca10056_s140 Release/Obj/main.o
 .text.power_management_init
                0x000000000002ba30       0x22 Output/ble_app_uart_c_pca10056_s140 Release/Obj/main.o
 *fill*         0x000000000002ba52        0x2 
 .text.db_discovery_init
                0x000000000002ba54       0x28 Output/ble_app_uart_c_pca10056_s140 Release/Obj/main.o
 .text.idle_state_handle
                0x000000000002ba7c       0x1a Output/ble_app_uart_c_pca10056_s140 Release/Obj/main.o
 *fill*         0x000000000002ba96        0x2 
 .text.main     0x000000000002ba98       0x60 Output/ble_app_uart_c_pca10056_s140 Release/Obj/main.o
                0x000000000002ba98                main
 .text._GetAvailWriteSpace
                0x000000000002baf8       0x1c Output/ble_app_uart_c_pca10056_s140 Release/Obj/SEGGER_RTT.o
 .text._WriteNoCheck
                0x000000000002bb14       0x3a Output/ble_app_uart_c_pca10056_s140 Release/Obj/SEGGER_RTT.o
 .text._WriteBlocking
                0x000000000002bb4e       0x52 Output/ble_app_uart_c_pca10056_s140 Release/Obj/SEGGER_RTT.o
 .text._DoInit  0x000000000002bba0       0x60 Output/ble_app_uart_c_pca10056_s140 Release/Obj/SEGGER_RTT.o
 .text.SEGGER_RTT_WriteNoLock
                0x000000000002bc00       0x68 Output/ble_app_uart_c_pca10056_s140 Release/Obj/SEGGER_RTT.o
                0x000000000002bc00                SEGGER_RTT_WriteNoLock
 .text.SEGGER_RTT_Init
                0x000000000002bc68        0x4 Output/ble_app_uart_c_pca10056_s140 Release/Obj/SEGGER_RTT.o
                0x000000000002bc68                SEGGER_RTT_Init
 .text.sd_ble_uuid_encode
                0x000000000002bc6c        0x4 Output/ble_app_uart_c_pca10056_s140 Release/Obj/ble_advdata.o
 .text.ble_advdata_search
                0x000000000002bc70       0x38 Output/ble_app_uart_c_pca10056_s140 Release/Obj/ble_advdata.o
                0x000000000002bc70                ble_advdata_search
 .text.ble_advdata_name_find
                0x000000000002bca8       0x48 Output/ble_app_uart_c_pca10056_s140 Release/Obj/ble_advdata.o
                0x000000000002bca8                ble_advdata_name_find
 .text.ble_advdata_uuid_find
                0x000000000002bcf0       0x9e Output/ble_app_uart_c_pca10056_s140 Release/Obj/ble_advdata.o
                0x000000000002bcf0                ble_advdata_uuid_find
 .text.sd_ble_gattc_primary_services_discover
                0x000000000002bd8e        0x4 Output/ble_app_uart_c_pca10056_s140 Release/Obj/ble_db_discovery.o
 .text.sd_ble_gattc_characteristics_discover
                0x000000000002bd92        0x4 Output/ble_app_uart_c_pca10056_s140 Release/Obj/ble_db_discovery.o
 .text.sd_ble_gattc_descriptors_discover
                0x000000000002bd96        0x4 Output/ble_app_uart_c_pca10056_s140 Release/Obj/ble_db_discovery.o
 *fill*         0x000000000002bd9a        0x2 
 .text.registered_handler_get
                0x000000000002bd9c       0x40 Output/ble_app_uart_c_pca10056_s140 Release/Obj/ble_db_discovery.o
 .text.discovery_error_evt_trigger
                0x000000000002bddc       0x38 Output/ble_app_uart_c_pca10056_s140 Release/Obj/ble_db_discovery.o
 .text.discovery_complete_evt_trigger
                0x000000000002be14       0x84 Output/ble_app_uart_c_pca10056_s140 Release/Obj/ble_db_discovery.o
 .text.characteristics_discover
                0x000000000002be98       0x48 Output/ble_app_uart_c_pca10056_s140 Release/Obj/ble_db_discovery.o
 .text.discovery_start
                0x000000000002bee0       0x84 Output/ble_app_uart_c_pca10056_s140 Release/Obj/ble_db_discovery.o
 .text.on_srv_disc_completion
                0x000000000002bf64       0x9c Output/ble_app_uart_c_pca10056_s140 Release/Obj/ble_db_discovery.o
 .text.descriptors_discover
                0x000000000002c000       0xcc Output/ble_app_uart_c_pca10056_s140 Release/Obj/ble_db_discovery.o
 .text.ble_db_discovery_init
                0x000000000002c0cc       0x30 Output/ble_app_uart_c_pca10056_s140 Release/Obj/ble_db_discovery.o
                0x000000000002c0cc                ble_db_discovery_init
 .text.ble_db_discovery_evt_register
                0x000000000002c0fc       0x44 Output/ble_app_uart_c_pca10056_s140 Release/Obj/ble_db_discovery.o
                0x000000000002c0fc                ble_db_discovery_evt_register
 .text.ble_db_discovery_start
                0x000000000002c140       0x2c Output/ble_app_uart_c_pca10056_s140 Release/Obj/ble_db_discovery.o
                0x000000000002c140                ble_db_discovery_start
 .text.ble_db_discovery_on_ble_evt
                0x000000000002c16c      0x308 Output/ble_app_uart_c_pca10056_s140 Release/Obj/ble_db_discovery.o
                0x000000000002c16c                ble_db_discovery_on_ble_evt
 .text.sd_ble_gap_data_length_update
                0x000000000002c474        0x4 Output/ble_app_uart_c_pca10056_s140 Release/Obj/nrf_ble_gatt.o
 .text.sd_ble_gattc_exchange_mtu_request
                0x000000000002c478        0x4 Output/ble_app_uart_c_pca10056_s140 Release/Obj/nrf_ble_gatt.o
 .text.sd_ble_gatts_exchange_mtu_reply
                0x000000000002c47c        0x4 Output/ble_app_uart_c_pca10056_s140 Release/Obj/nrf_ble_gatt.o
 .text.data_length_update
                0x000000000002c480       0x94 Output/ble_app_uart_c_pca10056_s140 Release/Obj/nrf_ble_gatt.o
 .text.nrf_ble_gatt_init
                0x000000000002c514       0x36 Output/ble_app_uart_c_pca10056_s140 Release/Obj/nrf_ble_gatt.o
                0x000000000002c514                nrf_ble_gatt_init
 .text.nrf_ble_gatt_att_mtu_central_set
                0x000000000002c54a       0x18 Output/ble_app_uart_c_pca10056_s140 Release/Obj/nrf_ble_gatt.o
                0x000000000002c54a                nrf_ble_gatt_att_mtu_central_set
 *fill*         0x000000000002c562        0x2 
 .text.nrf_ble_gatt_on_ble_evt
                0x000000000002c564      0x30c Output/ble_app_uart_c_pca10056_s140 Release/Obj/nrf_ble_gatt.o
                0x000000000002c564                nrf_ble_gatt_on_ble_evt
 .text.sd_ble_gap_scan_start
                0x000000000002c870        0x4 Output/ble_app_uart_c_pca10056_s140 Release/Obj/nrf_ble_scan.o
 .text.sd_ble_gap_scan_stop
                0x000000000002c874        0x4 Output/ble_app_uart_c_pca10056_s140 Release/Obj/nrf_ble_scan.o
 .text.sd_ble_gap_connect
                0x000000000002c878        0x4 Output/ble_app_uart_c_pca10056_s140 Release/Obj/nrf_ble_scan.o
 .text.nrf_ble_scan_connect_with_target
                0x000000000002c87c       0x74 Output/ble_app_uart_c_pca10056_s140 Release/Obj/nrf_ble_scan.o
 .text.nrf_ble_scan_filter_set
                0x000000000002c8f0       0xbc Output/ble_app_uart_c_pca10056_s140 Release/Obj/nrf_ble_scan.o
                0x000000000002c8f0                nrf_ble_scan_filter_set
 .text.nrf_ble_scan_filters_enable
                0x000000000002c9ac       0x74 Output/ble_app_uart_c_pca10056_s140 Release/Obj/nrf_ble_scan.o
                0x000000000002c9ac                nrf_ble_scan_filters_enable
 .text.is_whitelist_used
                0x000000000002ca20        0xa Output/ble_app_uart_c_pca10056_s140 Release/Obj/nrf_ble_scan.o
                0x000000000002ca20                is_whitelist_used
 *fill*         0x000000000002ca2a        0x2 
 .text.nrf_ble_scan_init
                0x000000000002ca2c       0xc4 Output/ble_app_uart_c_pca10056_s140 Release/Obj/nrf_ble_scan.o
                0x000000000002ca2c                nrf_ble_scan_init
 .text.nrf_ble_scan_start
                0x000000000002caf0       0x80 Output/ble_app_uart_c_pca10056_s140 Release/Obj/nrf_ble_scan.o
                0x000000000002caf0                nrf_ble_scan_start
 .text.nrf_ble_scan_on_ble_evt
                0x000000000002cb70      0x2f4 Output/ble_app_uart_c_pca10056_s140 Release/Obj/nrf_ble_scan.o
                0x000000000002cb70                nrf_ble_scan_on_ble_evt
 .text.read_module_type
                0x000000000002ce64        0xc Output/ble_app_uart_c_pca10056_s140 Release/Obj/nrf_ble_scan.o
                0x000000000002ce64                read_module_type
 .text.sd_ble_gattc_write
                0x000000000002ce70        0x4 Output/ble_app_uart_c_pca10056_s140 Release/Obj/ble_nus_c.o
 .text.sd_ble_uuid_vs_add
                0x000000000002ce74        0x4 Output/ble_app_uart_c_pca10056_s140 Release/Obj/ble_nus_c.o
 .text.ble_nus_c_on_db_disc_evt
                0x000000000002ce78       0xa6 Output/ble_app_uart_c_pca10056_s140 Release/Obj/ble_nus_c.o
                0x000000000002ce78                ble_nus_c_on_db_disc_evt
 *fill*         0x000000000002cf1e        0x2 
 .text.ble_nus_c_init
                0x000000000002cf20       0x60 Output/ble_app_uart_c_pca10056_s140 Release/Obj/ble_nus_c.o
                0x000000000002cf20                ble_nus_c_init
 .text.ble_nus_c_on_ble_evt
                0x000000000002cf80       0x8c Output/ble_app_uart_c_pca10056_s140 Release/Obj/ble_nus_c.o
                0x000000000002cf80                ble_nus_c_on_ble_evt
 .text.ble_nus_c_tx_notif_enable
                0x000000000002d00c       0x44 Output/ble_app_uart_c_pca10056_s140 Release/Obj/ble_nus_c.o
                0x000000000002d00c                ble_nus_c_tx_notif_enable
 .text.ble_nus_c_string_send
                0x000000000002d050       0x90 Output/ble_app_uart_c_pca10056_s140 Release/Obj/ble_nus_c.o
                0x000000000002d050                ble_nus_c_string_send
 .text.ble_nus_c_handles_assign
                0x000000000002d0e0       0x1a Output/ble_app_uart_c_pca10056_s140 Release/Obj/ble_nus_c.o
                0x000000000002d0e0                ble_nus_c_handles_assign
 .text.sd_softdevice_enable
                0x000000000002d0fa        0x4 Output/ble_app_uart_c_pca10056_s140 Release/Obj/nrf_sdh.o
 *fill*         0x000000000002d0fe        0x2 
 .text.sdh_request_observer_notify
                0x000000000002d100       0x30 Output/ble_app_uart_c_pca10056_s140 Release/Obj/nrf_sdh.o
 .text.sdh_state_observer_notify
                0x000000000002d130       0x28 Output/ble_app_uart_c_pca10056_s140 Release/Obj/nrf_sdh.o
 .text.softdevices_evt_irq_enable
                0x000000000002d158       0x38 Output/ble_app_uart_c_pca10056_s140 Release/Obj/nrf_sdh.o
 .text.nrf_sdh_enable_request
                0x000000000002d190       0x78 Output/ble_app_uart_c_pca10056_s140 Release/Obj/nrf_sdh.o
                0x000000000002d190                nrf_sdh_enable_request
 .text.nrf_sdh_is_enabled
                0x000000000002d208        0xc Output/ble_app_uart_c_pca10056_s140 Release/Obj/nrf_sdh.o
                0x000000000002d208                nrf_sdh_is_enabled
 .text.nrf_sdh_evts_poll
                0x000000000002d214       0x28 Output/ble_app_uart_c_pca10056_s140 Release/Obj/nrf_sdh.o
                0x000000000002d214                nrf_sdh_evts_poll
 .text.SWI2_EGU2_IRQHandler
                0x000000000002d23c        0x4 Output/ble_app_uart_c_pca10056_s140 Release/Obj/nrf_sdh.o
                0x000000000002d23c                SWI2_EGU2_IRQHandler
 .text.sd_ble_enable
                0x000000000002d240        0x4 Output/ble_app_uart_c_pca10056_s140 Release/Obj/nrf_sdh_ble.o
 .text.sd_ble_cfg_set
                0x000000000002d244        0x4 Output/ble_app_uart_c_pca10056_s140 Release/Obj/nrf_sdh_ble.o
 .text.sd_ble_evt_get
                0x000000000002d248        0x4 Output/ble_app_uart_c_pca10056_s140 Release/Obj/nrf_sdh_ble.o
 .text.nrf_sdh_ble_evts_poll.part.1
                0x000000000002d24c       0x4c Output/ble_app_uart_c_pca10056_s140 Release/Obj/nrf_sdh_ble.o
 .text.nrf_sdh_ble_evts_poll
                0x000000000002d298       0x10 Output/ble_app_uart_c_pca10056_s140 Release/Obj/nrf_sdh_ble.o
 .text.nrf_sdh_ble_default_cfg_set
                0x000000000002d2a8      0x1a4 Output/ble_app_uart_c_pca10056_s140 Release/Obj/nrf_sdh_ble.o
                0x000000000002d2a8                nrf_sdh_ble_default_cfg_set
 .text.nrf_sdh_ble_enable
                0x000000000002d44c       0x94 Output/ble_app_uart_c_pca10056_s140 Release/Obj/nrf_sdh_ble.o
                0x000000000002d44c                nrf_sdh_ble_enable
 .text.sd_evt_get
                0x000000000002d4e0        0x4 Output/ble_app_uart_c_pca10056_s140 Release/Obj/nrf_sdh_soc.o
 .text.nrf_sdh_soc_evts_poll
                0x000000000002d4e4       0x3c Output/ble_app_uart_c_pca10056_s140 Release/Obj/nrf_sdh_soc.o
 .text.libc.__int64_udivmod
                0x000000000002d520       0xce C:/Program Files/SEGGER/SEGGER Embedded Studio for ARM 4.12/lib/libc_v7em_fpv4_sp_d16_hard_t_le_eabi.a(libc_asm.o)
                0x000000000002d520                __aeabi_uldivmod
                0x000000000002d520                __int64_udiv
                0x000000000002d520                __udivdi3
                0x000000000002d520                __int64_udivmod
 *fill*         0x000000000002d5ee        0x2 
 .text.libc.__RAL_ascii_isctype
                0x000000000002d5f0       0x1c C:/Program Files/SEGGER/SEGGER Embedded Studio for ARM 4.12/lib/libc_v7em_fpv4_sp_d16_hard_t_le_eabi.a(libc2.o)
 .text.libc.__RAL_ascii_toupper
                0x000000000002d60c        0xc C:/Program Files/SEGGER/SEGGER Embedded Studio for ARM 4.12/lib/libc_v7em_fpv4_sp_d16_hard_t_le_eabi.a(libc2.o)
 .text.libc.__RAL_ascii_tolower
                0x000000000002d618        0xc C:/Program Files/SEGGER/SEGGER Embedded Studio for ARM 4.12/lib/libc_v7em_fpv4_sp_d16_hard_t_le_eabi.a(libc2.o)
 .text.libc.__RAL_ascii_iswctype
                0x000000000002d624       0x1c C:/Program Files/SEGGER/SEGGER Embedded Studio for ARM 4.12/lib/libc_v7em_fpv4_sp_d16_hard_t_le_eabi.a(libc2.o)
 .text.libc.__RAL_ascii_towupper
                0x000000000002d640        0xc C:/Program Files/SEGGER/SEGGER Embedded Studio for ARM 4.12/lib/libc_v7em_fpv4_sp_d16_hard_t_le_eabi.a(libc2.o)
 .text.libc.__RAL_ascii_towlower
                0x000000000002d64c        0xc C:/Program Files/SEGGER/SEGGER Embedded Studio for ARM 4.12/lib/libc_v7em_fpv4_sp_d16_hard_t_le_eabi.a(libc2.o)
 .text.libc.__RAL_ascii_wctomb
                0x000000000002d658        0xe C:/Program Files/SEGGER/SEGGER Embedded Studio for ARM 4.12/lib/libc_v7em_fpv4_sp_d16_hard_t_le_eabi.a(libc2.o)
                0x000000000002d658                __RAL_ascii_wctomb
 .text.libc.__RAL_ascii_mbtowc
                0x000000000002d666       0x24 C:/Program Files/SEGGER/SEGGER Embedded Studio for ARM 4.12/lib/libc_v7em_fpv4_sp_d16_hard_t_le_eabi.a(libc2.o)
                0x000000000002d666                __RAL_ascii_mbtowc
 .text.libc.__putc
                0x000000000002d68a       0x34 C:/Program Files/SEGGER/SEGGER Embedded Studio for ARM 4.12/lib/libc_v7em_fpv4_sp_d16_hard_t_le_eabi.a(libc2.o)
                0x000000000002d68a                __putc
 .text.libc.__RAL_print_padding
                0x000000000002d6be       0x1c C:/Program Files/SEGGER/SEGGER Embedded Studio for ARM 4.12/lib/libc_v7em_fpv4_sp_d16_hard_t_le_eabi.a(libc2.o)
                0x000000000002d6be                __RAL_print_padding
 .text.libc.__RAL_pre_padding
                0x000000000002d6da       0x1c C:/Program Files/SEGGER/SEGGER Embedded Studio for ARM 4.12/lib/libc_v7em_fpv4_sp_d16_hard_t_le_eabi.a(libc2.o)
                0x000000000002d6da                __RAL_pre_padding
 *fill*         0x000000000002d6f6        0x2 
 .text.libc.__RAL_isctype
                0x000000000002d6f8       0x14 C:/Program Files/SEGGER/SEGGER Embedded Studio for ARM 4.12/lib/libc_v7em_fpv4_sp_d16_hard_t_le_eabi.a(libc2.o)
                0x000000000002d6f8                __RAL_isctype
 .text.libc.isprint
                0x000000000002d70c        0xa C:/Program Files/SEGGER/SEGGER Embedded Studio for ARM 4.12/lib/libc_v7em_fpv4_sp_d16_hard_t_le_eabi.a(libc2.o)
                0x000000000002d70c                isprint
 .text.libc.memcmp
                0x000000000002d716       0x6c C:/Program Files/SEGGER/SEGGER Embedded Studio for ARM 4.12/lib/libc_v7em_fpv4_sp_d16_hard_t_le_eabi.a(libc2.o)
                0x000000000002d716                memcmp
 *fill*         0x000000000002d782        0x2 
 .text.libc.printf
                0x000000000002d784       0x40 C:/Program Files/SEGGER/SEGGER Embedded Studio for ARM 4.12/lib/libc_v7em_fpv4_sp_d16_hard_t_le_eabi.a(libc2.o)
                0x000000000002d784                printf
 .text.libc.strncmp
                0x000000000002d7c4       0x40 C:/Program Files/SEGGER/SEGGER Embedded Studio for ARM 4.12/lib/libc_v7em_fpv4_sp_d16_hard_t_le_eabi.a(libc2.o)
                0x000000000002d7c4                strncmp
 .text.libc.strnlen
                0x000000000002d804       0x20 C:/Program Files/SEGGER/SEGGER Embedded Studio for ARM 4.12/lib/libc_v7em_fpv4_sp_d16_hard_t_le_eabi.a(libc2.o)
                0x000000000002d804                strnlen
 .text.libc.memcpy
                0x000000000002d824       0x52 C:/Program Files/SEGGER/SEGGER Embedded Studio for ARM 4.12/lib/libc_v7em_fpv4_sp_d16_hard_t_le_eabi.a(libc2_asm.o)
                0x000000000002d824                __aeabi_memcpy
                0x000000000002d824                memcpy
                0x000000000002d830                __aeabi_memcpy8
                0x000000000002d830                __aeabi_memcpy4
 .text.libc.memset
                0x000000000002d876       0x66 C:/Program Files/SEGGER/SEGGER Embedded Studio for ARM 4.12/lib/libc_v7em_fpv4_sp_d16_hard_t_le_eabi.a(libc2_asm.o)
                0x000000000002d876                memset
 .text.libc.strcpy
                0x000000000002d8dc       0x44 C:/Program Files/SEGGER/SEGGER Embedded Studio for ARM 4.12/lib/libc_v7em_fpv4_sp_d16_hard_t_le_eabi.a(libc2_asm.o)
                0x000000000002d8dc                strcpy
 .text.libc.strcmp
                0x000000000002d920       0x4e C:/Program Files/SEGGER/SEGGER Embedded Studio for ARM 4.12/lib/libc_v7em_fpv4_sp_d16_hard_t_le_eabi.a(libc2_asm.o)
                0x000000000002d920                strcmp
 .text.libc.strlen
                0x000000000002d96e       0x60 C:/Program Files/SEGGER/SEGGER Embedded Studio for ARM 4.12/lib/libc_v7em_fpv4_sp_d16_hard_t_le_eabi.a(libc2_asm.o)
                0x000000000002d96e                strlen
 .text.libc.__printf_lock
                0x000000000002d9ce        0x2 C:/Program Files/SEGGER/SEGGER Embedded Studio for ARM 4.12/lib/libc_v7em_fpv4_sp_d16_hard_t_le_eabi.a(libc.o)
                0x000000000002d9ce                __printf_lock
 .text.libc.__printf_unlock
                0x000000000002d9d0        0x2 C:/Program Files/SEGGER/SEGGER Embedded Studio for ARM 4.12/lib/libc_v7em_fpv4_sp_d16_hard_t_le_eabi.a(libc.o)
                0x000000000002d9d0                __printf_unlock
 *fill*         0x000000000002d9d2        0x2 
 .text.libc.__vfprintf_long
                0x000000000002d9d4      0x730 C:/Program Files/SEGGER/SEGGER Embedded Studio for ARM 4.12/lib/libvfprintf_v7em_fpv4_sp_d16_hard_t_le_eabi.o
                0x000000000002d9d4                __vfprintf_long
                0x000000000002e104                __text_end__ = (__text_start__ + SIZEOF (.text))
                0x0000000000007d2c                __text_size__ = SIZEOF (.text)
                0x000000000002e104                __text_load_end__ = __text_end__

.vfp11_veneer   0x0000000100000000        0x0
 .vfp11_veneer  0x0000000100000000        0x0 linker stubs

.v4_bx          0x0000000100000000        0x0
 .v4_bx         0x0000000100000000        0x0 linker stubs

.iplt           0x0000000100000000        0x0
 .iplt          0x0000000100000000        0x0 Output/ble_app_uart_c_pca10056_s140 Release/Obj/thumb_crt0.o
                0x0000000000000001                . = ASSERT (((__text_start__ == __text_end__) || ((__text_end__ >= __FLASH_segment_start__) && (__text_end__ <= __FLASH_segment_end__))), error: .text is too large to fit in FLASH memory segment)
                0x000000000002e104                __sdh_soc_observers_load_start__ = ALIGN (__text_end__, 0x4)

.sdh_soc_observers
                0x000000000002e104        0x8
                0x000000000002e104                __sdh_soc_observers_start__ = .
                0x000000000002e104                __start_sdh_soc_observers = __sdh_soc_observers_start__
 *(SORT_BY_NAME(.sdh_soc_observers*))
 .sdh_soc_observers0
                0x000000000002e104        0x8 Output/ble_app_uart_c_pca10056_s140 Release/Obj/nrf_drv_clock.o
                0x000000000002e10c                __sdh_soc_observers_end__ = (__sdh_soc_observers_start__ + SIZEOF (.sdh_soc_observers))
                0x0000000000000008                __sdh_soc_observers_size__ = SIZEOF (.sdh_soc_observers)
                0x000000000002e10c                __stop_sdh_soc_observers = __sdh_soc_observers_end__
                0x000000000002e10c                __sdh_soc_observers_load_end__ = __sdh_soc_observers_end__
                0x0000000000000001                . = ASSERT (((__sdh_soc_observers_start__ == __sdh_soc_observers_end__) || ((__sdh_soc_observers_end__ >= __FLASH_segment_start__) && (__sdh_soc_observers_end__ <= __FLASH_segment_end__))), error: .sdh_soc_observers is too large to fit in FLASH memory segment)
                0x000000000002e10c                __pwr_mgmt_data_load_start__ = ALIGN (__sdh_soc_observers_end__, 0x4)

.pwr_mgmt_data  0x000000000002e10c        0x4
                0x000000000002e10c                __pwr_mgmt_data_start__ = .
                0x000000000002e10c                __start_pwr_mgmt_data = __pwr_mgmt_data_start__
 *(SORT_BY_NAME(.pwr_mgmt_data*))
 .pwr_mgmt_data1
                0x000000000002e10c        0x4 Output/ble_app_uart_c_pca10056_s140 Release/Obj/main.o
                0x000000000002e110                __pwr_mgmt_data_end__ = (__pwr_mgmt_data_start__ + SIZEOF (.pwr_mgmt_data))
                0x0000000000000004                __pwr_mgmt_data_size__ = SIZEOF (.pwr_mgmt_data)
                0x000000000002e110                __stop_pwr_mgmt_data = __pwr_mgmt_data_end__
                0x000000000002e110                __pwr_mgmt_data_load_end__ = __pwr_mgmt_data_end__
                0x0000000000000001                . = ASSERT (((__pwr_mgmt_data_start__ == __pwr_mgmt_data_end__) || ((__pwr_mgmt_data_end__ >= __FLASH_segment_start__) && (__pwr_mgmt_data_end__ <= __FLASH_segment_end__))), error: .pwr_mgmt_data is too large to fit in FLASH memory segment)
                0x000000000002e110                __log_const_data_load_start__ = ALIGN (__pwr_mgmt_data_end__, 0x4)

.log_const_data
                0x000000000002e110       0x78
                0x000000000002e110                __log_const_data_start__ = .
                0x000000000002e110                __start_log_const_data = __log_const_data_start__
 *(SORT_BY_NAME(.log_const_data*))
 .log_const_data_CLOCK
                0x000000000002e110        0x8 Output/ble_app_uart_c_pca10056_s140 Release/Obj/nrfx_clock.o
                0x000000000002e110                m_nrf_log_CLOCK_logs_data_const
 .log_const_data_GPIOTE
                0x000000000002e118        0x8 Output/ble_app_uart_c_pca10056_s140 Release/Obj/nrfx_gpiote.o
                0x000000000002e118                m_nrf_log_GPIOTE_logs_data_const
 .log_const_data_PRS
                0x000000000002e120        0x8 Output/ble_app_uart_c_pca10056_s140 Release/Obj/nrfx_prs.o
                0x000000000002e120                m_nrf_log_PRS_logs_data_const
 .log_const_data_UART
                0x000000000002e128        0x8 Output/ble_app_uart_c_pca10056_s140 Release/Obj/nrfx_uart.o
                0x000000000002e128                m_nrf_log_UART_logs_data_const
 .log_const_data_UARTE
                0x000000000002e130        0x8 Output/ble_app_uart_c_pca10056_s140 Release/Obj/nrfx_uarte.o
                0x000000000002e130                m_nrf_log_UARTE_logs_data_const
 .log_const_data_app
                0x000000000002e138        0x8 Output/ble_app_uart_c_pca10056_s140 Release/Obj/nrf_log_frontend.o
                0x000000000002e138                m_nrf_log_app_logs_data_const
 .log_const_data_ble_db_disc
                0x000000000002e140        0x8 Output/ble_app_uart_c_pca10056_s140 Release/Obj/ble_db_discovery.o
                0x000000000002e140                m_nrf_log_ble_db_disc_logs_data_const
 .log_const_data_ble_nus_c
                0x000000000002e148        0x8 Output/ble_app_uart_c_pca10056_s140 Release/Obj/ble_nus_c.o
                0x000000000002e148                m_nrf_log_ble_nus_c_logs_data_const
 .log_const_data_ble_scan
                0x000000000002e150        0x8 Output/ble_app_uart_c_pca10056_s140 Release/Obj/nrf_ble_scan.o
                0x000000000002e150                m_nrf_log_ble_scan_logs_data_const
 .log_const_data_clock
                0x000000000002e158        0x8 Output/ble_app_uart_c_pca10056_s140 Release/Obj/nrf_drv_clock.o
                0x000000000002e158                m_nrf_log_clock_logs_data_const
 .log_const_data_nrf_ble_gatt
                0x000000000002e160        0x8 Output/ble_app_uart_c_pca10056_s140 Release/Obj/nrf_ble_gatt.o
                0x000000000002e160                m_nrf_log_nrf_ble_gatt_logs_data_const
 .log_const_data_nrf_sdh
                0x000000000002e168        0x8 Output/ble_app_uart_c_pca10056_s140 Release/Obj/nrf_sdh.o
                0x000000000002e168                m_nrf_log_nrf_sdh_logs_data_const
 .log_const_data_nrf_sdh_ble
                0x000000000002e170        0x8 Output/ble_app_uart_c_pca10056_s140 Release/Obj/nrf_sdh_ble.o
                0x000000000002e170                m_nrf_log_nrf_sdh_ble_logs_data_const
 .log_const_data_nrf_sdh_soc
                0x000000000002e178        0x8 Output/ble_app_uart_c_pca10056_s140 Release/Obj/nrf_sdh_soc.o
                0x000000000002e178                m_nrf_log_nrf_sdh_soc_logs_data_const
 .log_const_data_pwr_mgmt
                0x000000000002e180        0x8 Output/ble_app_uart_c_pca10056_s140 Release/Obj/nrf_pwr_mgmt.o
                0x000000000002e180                m_nrf_log_pwr_mgmt_logs_data_const
                0x000000000002e188                __log_const_data_end__ = (__log_const_data_start__ + SIZEOF (.log_const_data))
                0x0000000000000078                __log_const_data_size__ = SIZEOF (.log_const_data)
                0x000000000002e188                __stop_log_const_data = __log_const_data_end__
                0x000000000002e188                __log_const_data_load_end__ = __log_const_data_end__
                0x0000000000000001                . = ASSERT (((__log_const_data_start__ == __log_const_data_end__) || ((__log_const_data_end__ >= __FLASH_segment_start__) && (__log_const_data_end__ <= __FLASH_segment_end__))), error: .log_const_data is too large to fit in FLASH memory segment)
                0x000000000002e188                __nrf_balloc_load_start__ = ALIGN (__log_const_data_end__, 0x4)

.nrf_balloc     0x000000000002e188       0x14
                0x000000000002e188                __nrf_balloc_start__ = .
                0x000000000002e188                __start_nrf_balloc = __nrf_balloc_start__
 *(.nrf_balloc*)
 .nrf_balloc    0x000000000002e188       0x14 Output/ble_app_uart_c_pca10056_s140 Release/Obj/nrf_log_frontend.o
                0x000000000002e188                log_mempool
                0x000000000002e19c                __nrf_balloc_end__ = (__nrf_balloc_start__ + SIZEOF (.nrf_balloc))
                0x0000000000000014                __nrf_balloc_size__ = SIZEOF (.nrf_balloc)
                0x000000000002e19c                __stop_nrf_balloc = __nrf_balloc_end__
                0x000000000002e19c                __nrf_balloc_load_end__ = __nrf_balloc_end__
                0x0000000000000001                . = ASSERT (((__nrf_balloc_start__ == __nrf_balloc_end__) || ((__nrf_balloc_end__ >= __FLASH_segment_start__) && (__nrf_balloc_end__ <= __FLASH_segment_end__))), error: .nrf_balloc is too large to fit in FLASH memory segment)
                0x000000000002e19c                __sdh_req_observers_load_start__ = ALIGN (__nrf_balloc_end__, 0x4)

.sdh_req_observers
                0x000000000002e19c        0x0
                0x000000000002e19c                __sdh_req_observers_start__ = .
                0x000000000002e19c                __start_sdh_req_observers = __sdh_req_observers_start__
 *(SORT_BY_NAME(.sdh_req_observers*))
                0x000000000002e19c                __sdh_req_observers_end__ = (__sdh_req_observers_start__ + SIZEOF (.sdh_req_observers))
                0x0000000000000000                __sdh_req_observers_size__ = SIZEOF (.sdh_req_observers)
                0x000000000002e19c                __stop_sdh_req_observers = __sdh_req_observers_end__
                0x000000000002e19c                __sdh_req_observers_load_end__ = __sdh_req_observers_end__
                0x0000000000000001                . = ASSERT (((__sdh_req_observers_start__ == __sdh_req_observers_end__) || ((__sdh_req_observers_end__ >= __FLASH_segment_start__) && (__sdh_req_observers_end__ <= __FLASH_segment_end__))), error: .sdh_req_observers is too large to fit in FLASH memory segment)
                0x000000000002e19c                __sdh_state_observers_load_start__ = ALIGN (__sdh_req_observers_end__, 0x4)

.sdh_state_observers
                0x000000000002e19c        0x8
                0x000000000002e19c                __sdh_state_observers_start__ = .
                0x000000000002e19c                __start_sdh_state_observers = __sdh_state_observers_start__
 *(SORT_BY_NAME(.sdh_state_observers*))
 .sdh_state_observers0
                0x000000000002e19c        0x8 Output/ble_app_uart_c_pca10056_s140 Release/Obj/nrf_drv_clock.o
                0x000000000002e1a4                __sdh_state_observers_end__ = (__sdh_state_observers_start__ + SIZEOF (.sdh_state_observers))
                0x0000000000000008                __sdh_state_observers_size__ = SIZEOF (.sdh_state_observers)
                0x000000000002e1a4                __stop_sdh_state_observers = __sdh_state_observers_end__
                0x000000000002e1a4                __sdh_state_observers_load_end__ = __sdh_state_observers_end__
                0x0000000000000001                . = ASSERT (((__sdh_state_observers_start__ == __sdh_state_observers_end__) || ((__sdh_state_observers_end__ >= __FLASH_segment_start__) && (__sdh_state_observers_end__ <= __FLASH_segment_end__))), error: .sdh_state_observers is too large to fit in FLASH memory segment)
                0x000000000002e1a4                __sdh_stack_observers_load_start__ = ALIGN (__sdh_state_observers_end__, 0x4)

.sdh_stack_observers
                0x000000000002e1a4       0x10
                0x000000000002e1a4                __sdh_stack_observers_start__ = .
                0x000000000002e1a4                __start_sdh_stack_observers = __sdh_stack_observers_start__
 *(SORT_BY_NAME(.sdh_stack_observers*))
 .sdh_stack_observers0
                0x000000000002e1a4        0x8 Output/ble_app_uart_c_pca10056_s140 Release/Obj/nrf_sdh_ble.o
 .sdh_stack_observers0
                0x000000000002e1ac        0x8 Output/ble_app_uart_c_pca10056_s140 Release/Obj/nrf_sdh_soc.o
                0x000000000002e1b4                __sdh_stack_observers_end__ = (__sdh_stack_observers_start__ + SIZEOF (.sdh_stack_observers))
                0x0000000000000010                __sdh_stack_observers_size__ = SIZEOF (.sdh_stack_observers)
                0x000000000002e1b4                __stop_sdh_stack_observers = __sdh_stack_observers_end__
                0x000000000002e1b4                __sdh_stack_observers_load_end__ = __sdh_stack_observers_end__
                0x0000000000000001                . = ASSERT (((__sdh_stack_observers_start__ == __sdh_stack_observers_end__) || ((__sdh_stack_observers_end__ >= __FLASH_segment_start__) && (__sdh_stack_observers_end__ <= __FLASH_segment_end__))), error: .sdh_stack_observers is too large to fit in FLASH memory segment)
                0x000000000002e1b4                __nrf_queue_load_start__ = ALIGN (__sdh_stack_observers_end__, 0x4)

.nrf_queue      0x000000000002e1b4        0x0
                0x000000000002e1b4                __nrf_queue_start__ = .
                0x000000000002e1b4                __start_nrf_queue = __nrf_queue_start__
 *(.nrf_queue*)
                0x000000000002e1b4                __nrf_queue_end__ = (__nrf_queue_start__ + SIZEOF (.nrf_queue))
                0x0000000000000000                __nrf_queue_size__ = SIZEOF (.nrf_queue)
                0x000000000002e1b4                __stop_nrf_queue = __nrf_queue_end__
                0x000000000002e1b4                __nrf_queue_load_end__ = __nrf_queue_end__
                0x0000000000000001                . = ASSERT (((__nrf_queue_start__ == __nrf_queue_end__) || ((__nrf_queue_end__ >= __FLASH_segment_start__) && (__nrf_queue_end__ <= __FLASH_segment_end__))), error: .nrf_queue is too large to fit in FLASH memory segment)
                0x000000000002e1b4                __cli_command_load_start__ = ALIGN (__nrf_queue_end__, 0x4)

.cli_command    0x000000000002e1b4        0x0
                0x000000000002e1b4                __cli_command_start__ = .
                0x000000000002e1b4                __start_cli_command = __cli_command_start__
 *(.cli_command*)
                0x000000000002e1b4                __cli_command_end__ = (__cli_command_start__ + SIZEOF (.cli_command))
                0x0000000000000000                __cli_command_size__ = SIZEOF (.cli_command)
                0x000000000002e1b4                __stop_cli_command = __cli_command_end__
                0x000000000002e1b4                __cli_command_load_end__ = __cli_command_end__
                0x0000000000000001                . = ASSERT (((__cli_command_start__ == __cli_command_end__) || ((__cli_command_end__ >= __FLASH_segment_start__) && (__cli_command_end__ <= __FLASH_segment_end__))), error: .cli_command is too large to fit in FLASH memory segment)
                0x000000000002e1b4                __crypto_data_load_start__ = ALIGN (__cli_command_end__, 0x4)

.crypto_data    0x000000000002e1b4        0x0
                0x000000000002e1b4                __crypto_data_start__ = .
                0x000000000002e1b4                __start_crypto_data = __crypto_data_start__
 *(SORT_BY_NAME(.crypto_data*))
                0x000000000002e1b4                __crypto_data_end__ = (__crypto_data_start__ + SIZEOF (.crypto_data))
                0x0000000000000000                __crypto_data_size__ = SIZEOF (.crypto_data)
                0x000000000002e1b4                __stop_crypto_data = __crypto_data_end__
                0x000000000002e1b4                __crypto_data_load_end__ = __crypto_data_end__
                0x0000000000000001                . = ASSERT (((__crypto_data_start__ == __crypto_data_end__) || ((__crypto_data_end__ >= __FLASH_segment_start__) && (__crypto_data_end__ <= __FLASH_segment_end__))), error: .crypto_data is too large to fit in FLASH memory segment)
                0x000000000002e1b4                __sdh_ble_observers_load_start__ = ALIGN (__crypto_data_end__, 0x4)

.sdh_ble_observers
                0x000000000002e1b4       0x40
                0x000000000002e1b4                __sdh_ble_observers_start__ = .
                0x000000000002e1b4                __start_sdh_ble_observers = __sdh_ble_observers_start__
 *(SORT_BY_NAME(.sdh_ble_observers*))
 .sdh_ble_observers1
                0x000000000002e1b4        0x8 Output/ble_app_uart_c_pca10056_s140 Release/Obj/bsp_btn_ble.o
 .sdh_ble_observers1
                0x000000000002e1bc       0x20 Output/ble_app_uart_c_pca10056_s140 Release/Obj/main.o
 .sdh_ble_observers2
                0x000000000002e1dc       0x10 Output/ble_app_uart_c_pca10056_s140 Release/Obj/main.o
 .sdh_ble_observers3
                0x000000000002e1ec        0x8 Output/ble_app_uart_c_pca10056_s140 Release/Obj/main.o
                0x000000000002e1f4                __sdh_ble_observers_end__ = (__sdh_ble_observers_start__ + SIZEOF (.sdh_ble_observers))
                0x0000000000000040                __sdh_ble_observers_size__ = SIZEOF (.sdh_ble_observers)
                0x000000000002e1f4                __stop_sdh_ble_observers = __sdh_ble_observers_end__
                0x000000000002e1f4                __sdh_ble_observers_load_end__ = __sdh_ble_observers_end__
                0x0000000000000001                . = ASSERT (((__sdh_ble_observers_start__ == __sdh_ble_observers_end__) || ((__sdh_ble_observers_end__ >= __FLASH_segment_start__) && (__sdh_ble_observers_end__ <= __FLASH_segment_end__))), error: .sdh_ble_observers is too large to fit in FLASH memory segment)
                0x000000000002e1f4                __log_backends_load_start__ = ALIGN (__sdh_ble_observers_end__, 0x4)

.log_backends   0x000000000002e1f4       0x10
                0x000000000002e1f4                __log_backends_start__ = .
                0x000000000002e1f4                __start_log_backends = __log_backends_start__
 *(SORT_BY_NAME(.log_backends*))
 .log_backends  0x000000000002e1f4       0x10 Output/ble_app_uart_c_pca10056_s140 Release/Obj/nrf_log_default_backends.o
                0x000000000002e204                __log_backends_end__ = (__log_backends_start__ + SIZEOF (.log_backends))
                0x0000000000000010                __log_backends_size__ = SIZEOF (.log_backends)
                0x000000000002e204                __stop_log_backends = __log_backends_end__
                0x000000000002e204                __log_backends_load_end__ = __log_backends_end__
                0x0000000000000001                . = ASSERT (((__log_backends_start__ == __log_backends_end__) || ((__log_backends_end__ >= __FLASH_segment_start__) && (__log_backends_end__ <= __FLASH_segment_end__))), error: .log_backends is too large to fit in FLASH memory segment)
                0x000000000002e204                __nrf_sections_load_start__ = ALIGN (__log_backends_end__, 0x4)

.nrf_sections   0x000000000002e204        0x0
                0x000000000002e204                __nrf_sections_start__ = .
                0x000000000002e204                __start_nrf_sections = __nrf_sections_start__
 *(.nrf_sections .nrf_sections.*)
                0x000000000002e204                __nrf_sections_end__ = (__nrf_sections_start__ + SIZEOF (.nrf_sections))
                0x0000000000000000                __nrf_sections_size__ = SIZEOF (.nrf_sections)
                0x000000000002e204                __nrf_sections_load_end__ = __nrf_sections_end__
                0x0000000000000001                . = ASSERT (((__nrf_sections_start__ == __nrf_sections_end__) || ((__nrf_sections_end__ >= __FLASH_segment_start__) && (__nrf_sections_end__ <= __FLASH_segment_end__))), error: .nrf_sections is too large to fit in FLASH memory segment)
                0x000000000002e204                __log_dynamic_data_load_start__ = ALIGN (__nrf_sections_end__, 0x4)

.log_dynamic_data
                0x0000000020003730        0x0 load address 0x000000000002e204
                0x0000000020003730                __log_dynamic_data_start__ = .
 *(SORT_BY_NAME(.log_dynamic_data*))
                0x0000000020003730                __log_dynamic_data_end__ = (__log_dynamic_data_start__ + SIZEOF (.log_dynamic_data))
                0x0000000000000000                __log_dynamic_data_size__ = SIZEOF (.log_dynamic_data)
                0x000000000002e204                __log_dynamic_data_load_end__ = (__log_dynamic_data_load_start__ + SIZEOF (.log_dynamic_data))
                0x0000000000000001                . = ASSERT (((__log_dynamic_data_load_start__ == __log_dynamic_data_load_end__) || ((__log_dynamic_data_load_end__ >= __FLASH_segment_start__) && (__log_dynamic_data_load_end__ <= __FLASH_segment_end__))), error: .log_dynamic_data is too large to fit in FLASH memory segment)

.log_dynamic_data_run
                0x0000000020003730        0x0
                0x0000000020003730                __log_dynamic_data_run_start__ = .
                0x0000000020003730                __start_log_dynamic_data = __log_dynamic_data_run_start__
                0x0000000020003730                . = MAX ((__log_dynamic_data_run_start__ + SIZEOF (.log_dynamic_data)), .)
                0x0000000020003730                __log_dynamic_data_run_end__ = (__log_dynamic_data_run_start__ + SIZEOF (.log_dynamic_data_run))
                0x0000000000000000                __log_dynamic_data_run_size__ = SIZEOF (.log_dynamic_data_run)
                0x0000000020003730                __stop_log_dynamic_data = __log_dynamic_data_run_end__
                0x0000000020003730                __log_dynamic_data_run_load_end__ = __log_dynamic_data_run_end__
                0x0000000000000001                . = ASSERT (((__log_dynamic_data_run_start__ == __log_dynamic_data_run_end__) || ((__log_dynamic_data_run_end__ >= __RAM_segment_start__) && (__log_dynamic_data_run_end__ <= __RAM_segment_end__))), error: .log_dynamic_data_run is too large to fit in RAM memory segment)
                0x000000000002e204                __log_filter_data_load_start__ = ALIGN ((__log_dynamic_data_load_start__ + SIZEOF (.log_dynamic_data)), 0x4)

.log_filter_data
                0x0000000020003730        0x0 load address 0x000000000002e204
                0x0000000020003730                __log_filter_data_start__ = .
 *(SORT_BY_NAME(.log_filter_data*))
                0x0000000020003730                __log_filter_data_end__ = (__log_filter_data_start__ + SIZEOF (.log_filter_data))
                0x0000000000000000                __log_filter_data_size__ = SIZEOF (.log_filter_data)
                0x000000000002e204                __log_filter_data_load_end__ = (__log_filter_data_load_start__ + SIZEOF (.log_filter_data))
                0x0000000000000001                . = ASSERT (((__log_filter_data_load_start__ == __log_filter_data_load_end__) || ((__log_filter_data_load_end__ >= __FLASH_segment_start__) && (__log_filter_data_load_end__ <= __FLASH_segment_end__))), error: .log_filter_data is too large to fit in FLASH memory segment)

.log_filter_data_run
                0x0000000020003730        0x0
                0x0000000020003730                __log_filter_data_run_start__ = .
                0x0000000020003730                __start_log_filter_data = __log_filter_data_run_start__
                0x0000000020003730                . = MAX ((__log_filter_data_run_start__ + SIZEOF (.log_filter_data)), .)
                0x0000000020003730                __log_filter_data_run_end__ = (__log_filter_data_run_start__ + SIZEOF (.log_filter_data_run))
                0x0000000000000000                __log_filter_data_run_size__ = SIZEOF (.log_filter_data_run)
                0x0000000020003730                __stop_log_filter_data = __log_filter_data_run_end__
                0x0000000020003730                __log_filter_data_run_load_end__ = __log_filter_data_run_end__
                0x0000000000000001                . = ASSERT (((__log_filter_data_run_start__ == __log_filter_data_run_end__) || ((__log_filter_data_run_end__ >= __RAM_segment_start__) && (__log_filter_data_run_end__ <= __RAM_segment_end__))), error: .log_filter_data_run is too large to fit in RAM memory segment)
                0x000000000002e204                __cli_sorted_cmd_ptrs_load_start__ = ALIGN ((__log_filter_data_load_start__ + SIZEOF (.log_filter_data)), 0x4)

.cli_sorted_cmd_ptrs
                0x0000000020003730        0x0 load address 0x000000000002e204
                0x0000000020003730                __cli_sorted_cmd_ptrs_start__ = .
 *(.cli_sorted_cmd_ptrs*)
                0x0000000020003730                __cli_sorted_cmd_ptrs_end__ = (__cli_sorted_cmd_ptrs_start__ + SIZEOF (.cli_sorted_cmd_ptrs))
                0x0000000000000000                __cli_sorted_cmd_ptrs_size__ = SIZEOF (.cli_sorted_cmd_ptrs)
                0x000000000002e204                __cli_sorted_cmd_ptrs_load_end__ = (__cli_sorted_cmd_ptrs_load_start__ + SIZEOF (.cli_sorted_cmd_ptrs))
                0x0000000000000001                . = ASSERT (((__cli_sorted_cmd_ptrs_load_start__ == __cli_sorted_cmd_ptrs_load_end__) || ((__cli_sorted_cmd_ptrs_load_end__ >= __FLASH_segment_start__) && (__cli_sorted_cmd_ptrs_load_end__ <= __FLASH_segment_end__))), error: .cli_sorted_cmd_ptrs is too large to fit in FLASH memory segment)

.cli_sorted_cmd_ptrs_run
                0x0000000020003730        0x0
                0x0000000020003730                __cli_sorted_cmd_ptrs_run_start__ = .
                0x0000000020003730                __start_cli_sorted_cmd_ptrs = __cli_sorted_cmd_ptrs_run_start__
                0x0000000020003730                . = MAX ((__cli_sorted_cmd_ptrs_run_start__ + SIZEOF (.cli_sorted_cmd_ptrs)), .)
                0x0000000020003730                __cli_sorted_cmd_ptrs_run_end__ = (__cli_sorted_cmd_ptrs_run_start__ + SIZEOF (.cli_sorted_cmd_ptrs_run))
                0x0000000000000000                __cli_sorted_cmd_ptrs_run_size__ = SIZEOF (.cli_sorted_cmd_ptrs_run)
                0x0000000020003730                __stop_cli_sorted_cmd_ptrs = __cli_sorted_cmd_ptrs_run_end__
                0x0000000020003730                __cli_sorted_cmd_ptrs_run_load_end__ = __cli_sorted_cmd_ptrs_run_end__
                0x0000000000000001                . = ASSERT (((__cli_sorted_cmd_ptrs_run_start__ == __cli_sorted_cmd_ptrs_run_end__) || ((__cli_sorted_cmd_ptrs_run_end__ >= __RAM_segment_start__) && (__cli_sorted_cmd_ptrs_run_end__ <= __RAM_segment_end__))), error: .cli_sorted_cmd_ptrs_run is too large to fit in RAM memory segment)
                0x000000000002e204                __fs_data_load_start__ = ALIGN ((__cli_sorted_cmd_ptrs_load_start__ + SIZEOF (.cli_sorted_cmd_ptrs)), 0x4)

.fs_data        0x0000000020003730        0x0 load address 0x000000000002e204
                0x0000000020003730                __fs_data_start__ = .
 *(.fs_data*)
                0x0000000020003730                __fs_data_end__ = (__fs_data_start__ + SIZEOF (.fs_data))
                0x0000000000000000                __fs_data_size__ = SIZEOF (.fs_data)
                0x000000000002e204                __fs_data_load_end__ = (__fs_data_load_start__ + SIZEOF (.fs_data))
                0x0000000000000001                . = ASSERT (((__fs_data_load_start__ == __fs_data_load_end__) || ((__fs_data_load_end__ >= __FLASH_segment_start__) && (__fs_data_load_end__ <= __FLASH_segment_end__))), error: .fs_data is too large to fit in FLASH memory segment)

.fs_data_run    0x0000000020003730        0x0
                0x0000000020003730                __fs_data_run_start__ = .
                0x0000000020003730                __start_fs_data = __fs_data_run_start__
                0x0000000020003730                . = MAX ((__fs_data_run_start__ + SIZEOF (.fs_data)), .)
                0x0000000020003730                __fs_data_run_end__ = (__fs_data_run_start__ + SIZEOF (.fs_data_run))
                0x0000000000000000                __fs_data_run_size__ = SIZEOF (.fs_data_run)
                0x0000000020003730                __stop_fs_data = __fs_data_run_end__
                0x0000000020003730                __fs_data_run_load_end__ = __fs_data_run_end__
                0x0000000000000001                . = ASSERT (((__fs_data_run_start__ == __fs_data_run_end__) || ((__fs_data_run_end__ >= __RAM_segment_start__) && (__fs_data_run_end__ <= __RAM_segment_end__))), error: .fs_data_run is too large to fit in RAM memory segment)
                0x0000000020003730                __nrf_sections_run_end_load_start__ = ALIGN (__fs_data_run_end__, 0x4)

.nrf_sections_run_end
                0x0000000020003730        0x0
                0x0000000020003730                __nrf_sections_run_end_start__ = .
                0x0000000020003730                __end_nrf_sections_run = __nrf_sections_run_end_start__
 *(.nrf_sections_run_end .nrf_sections_run_end.*)